Archive member included to satisfy reference by file (symbol)

C:/Users/MSI/SimplicityStudio/SDKs/simplicity_sdk//protocol/bluetooth/bgstack/ll/build/gcc/xg22/release/liblinklayer.a(ll_adv.c.obj)
                              ./simplicity_sdk_2024.12.0/protocol/bluetooth/src/sl_bt_stack_init.o (sl_btctrl_init_adv)
C:/Users/MSI/SimplicityStudio/SDKs/simplicity_sdk//protocol/bluetooth/bgstack/ll/build/gcc/xg22/release/liblinklayer.a(ll_adv_header.c.obj)
                              C:/Users/MSI/SimplicityStudio/SDKs/simplicity_sdk//protocol/bluetooth/bgstack/ll/build/gcc/xg22/release/liblinklayer.a(ll_adv.c.obj) (ll_advCopyAddress)
C:/Users/MSI/SimplicityStudio/SDKs/simplicity_sdk//protocol/bluetooth/bgstack/ll/build/gcc/xg22/release/liblinklayer.a(ll_conn.c.obj)
                              ./simplicity_sdk_2024.12.0/protocol/bluetooth/src/sl_bt_stack_init.o (sl_btctrl_init_conn)
C:/Users/MSI/SimplicityStudio/SDKs/simplicity_sdk//protocol/bluetooth/bgstack/ll/build/gcc/xg22/release/liblinklayer.a(ll_conn_enc.c.obj)
                              C:/Users/MSI/SimplicityStudio/SDKs/simplicity_sdk//protocol/bluetooth/bgstack/ll/build/gcc/xg22/release/liblinklayer.a(ll_conn.c.obj) (ll_connEncryptionInit)
C:/Users/MSI/SimplicityStudio/SDKs/simplicity_sdk//protocol/bluetooth/bgstack/ll/build/gcc/xg22/release/liblinklayer.a(ll_conn_sch_setup.c.obj)
                              C:/Users/MSI/SimplicityStudio/SDKs/simplicity_sdk//protocol/bluetooth/bgstack/ll/build/gcc/xg22/release/liblinklayer.a(ll_conn.c.obj) (ll_connSchSetup)
C:/Users/MSI/SimplicityStudio/SDKs/simplicity_sdk//protocol/bluetooth/bgstack/ll/build/gcc/xg22/release/liblinklayer.a(ll_exec_timing.c.obj)
                              C:/Users/MSI/SimplicityStudio/SDKs/simplicity_sdk//protocol/bluetooth/bgstack/ll/build/gcc/xg22/release/liblinklayer.a(ll_adv.c.obj) (ll_execTimingInit)
C:/Users/MSI/SimplicityStudio/SDKs/simplicity_sdk//protocol/bluetooth/bgstack/ll/build/gcc/xg22/release/liblinklayer.a(ll_hci.c.obj)
                              C:/Users/MSI/SimplicityStudio/SDKs/simplicity_sdk//protocol/bluetooth/bgstack/ll/build/gcc/xg22/release/liblinklayer.a(ll_adv.c.obj) (ll_hciSendLeConnectionComplete)
C:/Users/MSI/SimplicityStudio/SDKs/simplicity_sdk//protocol/bluetooth/bgstack/ll/build/gcc/xg22/release/liblinklayer.a(ll_hci_adv.c.obj)
                              C:/Users/MSI/SimplicityStudio/SDKs/simplicity_sdk//protocol/bluetooth/bgstack/ll/build/gcc/xg22/release/liblinklayer.a(ll_adv.c.obj) (ll_hciAdvInit)
C:/Users/MSI/SimplicityStudio/SDKs/simplicity_sdk//protocol/bluetooth/bgstack/ll/build/gcc/xg22/release/liblinklayer.a(ll_hci_conn.c.obj)
                              C:/Users/MSI/SimplicityStudio/SDKs/simplicity_sdk//protocol/bluetooth/bgstack/ll/build/gcc/xg22/release/liblinklayer.a(ll_conn.c.obj) (ll_hciConnInit)
C:/Users/MSI/SimplicityStudio/SDKs/simplicity_sdk//protocol/bluetooth/bgstack/ll/build/gcc/xg22/release/liblinklayer.a(ll_hci_phy.c.obj)
                              ./simplicity_sdk_2024.12.0/protocol/bluetooth/src/sl_bt_stack_init.o (sl_btctrl_init_phy)
C:/Users/MSI/SimplicityStudio/SDKs/simplicity_sdk//protocol/bluetooth/bgstack/ll/build/gcc/xg22/release/liblinklayer.a(ll_iaddr.c.obj)
                              C:/Users/MSI/SimplicityStudio/SDKs/simplicity_sdk//protocol/bluetooth/bgstack/ll/build/gcc/xg22/release/liblinklayer.a(ll_hci_adv.c.obj) (ll_iaddrCompareAddress)
C:/Users/MSI/SimplicityStudio/SDKs/simplicity_sdk//protocol/bluetooth/bgstack/ll/build/gcc/xg22/release/liblinklayer.a(ll_init.c.obj)
                              ./simplicity_sdk_2024.12.0/protocol/bluetooth/src/sl_bt_stack_init.o (sl_bt_ll_deinit)
C:/Users/MSI/SimplicityStudio/SDKs/simplicity_sdk//protocol/bluetooth/bgstack/ll/build/gcc/xg22/release/liblinklayer.a(ll_init_power.c.obj)
                              C:/Users/MSI/SimplicityStudio/SDKs/simplicity_sdk//protocol/bluetooth/bgstack/ll/build/gcc/xg22/release/liblinklayer.a(ll_hci.c.obj) (BTLE_LL_SetMaxLowPowers)
C:/Users/MSI/SimplicityStudio/SDKs/simplicity_sdk//protocol/bluetooth/bgstack/ll/build/gcc/xg22/release/liblinklayer.a(ll_link.c.obj)
                              C:/Users/MSI/SimplicityStudio/SDKs/simplicity_sdk//protocol/bluetooth/bgstack/ll/build/gcc/xg22/release/liblinklayer.a(ll_conn.c.obj) (ll_linkResetWindow)
C:/Users/MSI/SimplicityStudio/SDKs/simplicity_sdk//protocol/bluetooth/bgstack/ll/build/gcc/xg22/release/liblinklayer.a(ll_llcp.c.obj)
                              C:/Users/MSI/SimplicityStudio/SDKs/simplicity_sdk//protocol/bluetooth/bgstack/ll/build/gcc/xg22/release/liblinklayer.a(ll_conn.c.obj) (ll_llcpInit)
C:/Users/MSI/SimplicityStudio/SDKs/simplicity_sdk//protocol/bluetooth/bgstack/ll/build/gcc/xg22/release/liblinklayer.a(ll_llcp_common.c.obj)
                              C:/Users/MSI/SimplicityStudio/SDKs/simplicity_sdk//protocol/bluetooth/bgstack/ll/build/gcc/xg22/release/liblinklayer.a(ll_llcp.c.obj) (ll_llcpCommonInit)
C:/Users/MSI/SimplicityStudio/SDKs/simplicity_sdk//protocol/bluetooth/bgstack/ll/build/gcc/xg22/release/liblinklayer.a(ll_llcp_enc.c.obj)
                              C:/Users/MSI/SimplicityStudio/SDKs/simplicity_sdk//protocol/bluetooth/bgstack/ll/build/gcc/xg22/release/liblinklayer.a(ll_conn.c.obj) (ll_llcpEncInit)
C:/Users/MSI/SimplicityStudio/SDKs/simplicity_sdk//protocol/bluetooth/bgstack/ll/build/gcc/xg22/release/liblinklayer.a(ll_llcp_len.c.obj)
                              C:/Users/MSI/SimplicityStudio/SDKs/simplicity_sdk//protocol/bluetooth/bgstack/ll/build/gcc/xg22/release/liblinklayer.a(ll_conn.c.obj) (ll_llcpLenInit)
C:/Users/MSI/SimplicityStudio/SDKs/simplicity_sdk//protocol/bluetooth/bgstack/ll/build/gcc/xg22/release/liblinklayer.a(ll_llcp_phy.c.obj)
                              C:/Users/MSI/SimplicityStudio/SDKs/simplicity_sdk//protocol/bluetooth/bgstack/ll/build/gcc/xg22/release/liblinklayer.a(ll_hci_phy.c.obj) (ll_llcpPhyInit)
C:/Users/MSI/SimplicityStudio/SDKs/simplicity_sdk//protocol/bluetooth/bgstack/ll/build/gcc/xg22/release/liblinklayer.a(ll_math.c.obj)
                              C:/Users/MSI/SimplicityStudio/SDKs/simplicity_sdk//protocol/bluetooth/bgstack/ll/build/gcc/xg22/release/liblinklayer.a(ll_exec_timing.c.obj) (ll_medianOf5Elements)
C:/Users/MSI/SimplicityStudio/SDKs/simplicity_sdk//protocol/bluetooth/bgstack/ll/build/gcc/xg22/release/liblinklayer.a(ll_random.c.obj)
                              C:/Users/MSI/SimplicityStudio/SDKs/simplicity_sdk//protocol/bluetooth/bgstack/ll/build/gcc/xg22/release/liblinklayer.a(ll_init.c.obj) (ll_randomInit)
C:/Users/MSI/SimplicityStudio/SDKs/simplicity_sdk//protocol/bluetooth/bgstack/ll/build/gcc/xg22/release/liblinklayer.a(ll_scan.c.obj)
                              ./simplicity_sdk_2024.12.0/protocol/bluetooth/src/sl_bt_stack_init.o (sl_btctrl_init_scan)
C:/Users/MSI/SimplicityStudio/SDKs/simplicity_sdk//protocol/bluetooth/bgstack/ll/build/gcc/xg22/release/liblinklayer.a(scheduler.c.obj)
                              C:/Users/MSI/SimplicityStudio/SDKs/simplicity_sdk//protocol/bluetooth/bgstack/ll/build/gcc/xg22/release/liblinklayer.a(ll_init.c.obj) (usch_init)
C:/Users/MSI/SimplicityStudio/SDKs/simplicity_sdk//protocol/bluetooth/bgstack/ll/build/gcc/xg22/release/liblinklayer.a(ll_adv_txn.c.obj)
                              C:/Users/MSI/SimplicityStudio/SDKs/simplicity_sdk//protocol/bluetooth/bgstack/ll/build/gcc/xg22/release/liblinklayer.a(ll_adv.c.obj) (sli_ll_adv_txn_start)
C:/Users/MSI/SimplicityStudio/SDKs/simplicity_sdk//protocol/bluetooth/bgstack/ll/build/gcc/xg22/release/liblinklayer.a(ll_conn_txn.c.obj)
                              C:/Users/MSI/SimplicityStudio/SDKs/simplicity_sdk//protocol/bluetooth/bgstack/ll/build/gcc/xg22/release/liblinklayer.a(ll_conn.c.obj) (ll_connTxnStop)
C:/Users/MSI/SimplicityStudio/SDKs/simplicity_sdk//protocol/bluetooth/bgstack/ll/build/gcc/xg22/release/liblinklayer.a(ll_scan_txn.c.obj)
                              C:/Users/MSI/SimplicityStudio/SDKs/simplicity_sdk//protocol/bluetooth/bgstack/ll/build/gcc/xg22/release/liblinklayer.a(ll_scan.c.obj) (sli_ll_scan_txn_stop)
C:/Users/MSI/SimplicityStudio/SDKs/simplicity_sdk//protocol/bluetooth/bgstack/ll/build/gcc/xg22/release/liblinklayer.a(sl_ll_radio.c.obj)
                              C:/Users/MSI/SimplicityStudio/SDKs/simplicity_sdk//protocol/bluetooth/bgstack/ll/build/gcc/xg22/release/liblinklayer.a(ll_init.c.obj) (sli_ll_radio_init)
C:/Users/MSI/SimplicityStudio/SDKs/simplicity_sdk//protocol/bluetooth/bgstack/ll/build/gcc/xg22/release/liblinklayer.a(sl_ll_radio_utils.c.obj)
                              C:/Users/MSI/SimplicityStudio/SDKs/simplicity_sdk//protocol/bluetooth/bgstack/ll/build/gcc/xg22/release/liblinklayer.a(ll_conn_txn.c.obj) (ll_radioRecycleBuf)
C:/Users/MSI/SimplicityStudio/SDKs/simplicity_sdk//protocol/bluetooth/bgstack/ll/build/gcc/xg22/release/liblinklayer.a(sl_ll_radio_efr.c.obj)
                              C:/Users/MSI/SimplicityStudio/SDKs/simplicity_sdk//protocol/bluetooth/bgstack/ll/build/gcc/xg22/release/liblinklayer.a(sl_ll_radio_utils.c.obj) (ll_radio)
C:/Users/MSI/SimplicityStudio/SDKs/simplicity_sdk//protocol/bluetooth/bgstack/ll/build/gcc/xg22/release/liblinklayer.a(ext_utils.c.obj)
                              C:/Users/MSI/SimplicityStudio/SDKs/simplicity_sdk//protocol/bluetooth/bgstack/ll/build/gcc/xg22/release/liblinklayer.a(sl_ll_radio_efr.c.obj) (ext_fastRandom)
C:/Users/MSI/SimplicityStudio/SDKs/simplicity_sdk//protocol/bluetooth/bgstack/ll/build/gcc/xg22/release/liblinklayer.a(ll_crypto.c.obj)
                              C:/Users/MSI/SimplicityStudio/SDKs/simplicity_sdk//protocol/bluetooth/bgstack/ll/build/gcc/xg22/release/liblinklayer.a(ll_conn_enc.c.obj) (ll_cryptoCcmEncrypt)
C:/Users/MSI/SimplicityStudio/SDKs/simplicity_sdk//protocol/bluetooth/bgstack/ll/build/gcc/xg22/release/liblinklayer.a(sl_ll_radio_efr_pa.c.obj)
                              C:/Users/MSI/SimplicityStudio/SDKs/simplicity_sdk//protocol/bluetooth/bgstack/ll/build/gcc/xg22/release/liblinklayer.a(ll_conn.c.obj) (ll_radioConvertRawToDbm)
C:/Users/MSI/SimplicityStudio/SDKs/simplicity_sdk//protocol/bluetooth/bgstack/ll/build/gcc/xg22/release/liblinklayer.a(ll_addr.c.obj)
                              C:/Users/MSI/SimplicityStudio/SDKs/simplicity_sdk//protocol/bluetooth/bgstack/ll/build/gcc/xg22/release/liblinklayer.a(ll_init.c.obj) (ll_addrInit)
C:/Users/MSI/SimplicityStudio/SDKs/simplicity_sdk//protocol/bluetooth/bgstack/ll/build/gcc/xg22/release/liblinklayer.a(ll_channelmap.c.obj)
                              C:/Users/MSI/SimplicityStudio/SDKs/simplicity_sdk//protocol/bluetooth/bgstack/ll/build/gcc/xg22/release/liblinklayer.a(ll_init.c.obj) (ll_channelmapReset)
C:/Users/MSI/SimplicityStudio/SDKs/simplicity_sdk//protocol/bluetooth/bgstack/ll/build/gcc/xg22/release/liblinklayer.a(ll_conn_sch_legacy.c.obj)
                              C:/Users/MSI/SimplicityStudio/SDKs/simplicity_sdk//protocol/bluetooth/bgstack/ll/build/gcc/xg22/release/liblinklayer.a(ll_conn_sch_setup.c.obj) (ll_connSchLegacySetup)
C:/Users/MSI/SimplicityStudio/SDKs/simplicity_sdk//protocol/bluetooth/bgstack/ll/build/gcc/xg22/release/liblinklayer.a(ll_conn_sch_state.c.obj)
                              C:/Users/MSI/SimplicityStudio/SDKs/simplicity_sdk//protocol/bluetooth/bgstack/ll/build/gcc/xg22/release/liblinklayer.a(ll_scan.c.obj) (sli_btctrl_enable_conn_scheduler_state)
C:/Users/MSI/SimplicityStudio/SDKs/simplicity_sdk//protocol/bluetooth/bgstack/ll/build/gcc/xg22/release/liblinklayer.a(ll_dtm.c.obj)
                              C:/Users/MSI/SimplicityStudio/SDKs/simplicity_sdk//protocol/bluetooth/bgstack/ll/build/gcc/xg22/release/liblinklayer.a(ll_init.c.obj) (ll_dtmReset)
C:/Users/MSI/SimplicityStudio/SDKs/simplicity_sdk//protocol/bluetooth/bgstack/ll/build/gcc/xg22/release/liblinklayer.a(sl_btctrl_callbacks.c.obj)
                              C:/Users/MSI/SimplicityStudio/SDKs/simplicity_sdk//protocol/bluetooth/bgstack/ll/build/gcc/xg22/release/liblinklayer.a(ll_scan_txn.c.obj) (sl_btctrl_filter_scan_request_transmission_cb)
C:/Users/MSI/SimplicityStudio/SDKs/simplicity_sdk//protocol/bluetooth/bgstack/ll/build/gcc/xg22/release/liblinklayer.a(sl_ll_scan_generic.c.obj)
                              C:/Users/MSI/SimplicityStudio/SDKs/simplicity_sdk//protocol/bluetooth/bgstack/ll/build/gcc/xg22/release/liblinklayer.a(ll_scan_txn.c.obj) (SLI_LL_SCAN_PACKET_TYPES)
C:/Users/MSI/SimplicityStudio/SDKs/simplicity_sdk//protocol/bluetooth/bgstack/ll/build/gcc/xg22/release/liblinklayer.a(sl_ll_timing.c.obj)
                              C:/Users/MSI/SimplicityStudio/SDKs/simplicity_sdk//protocol/bluetooth/bgstack/ll/build/gcc/xg22/release/liblinklayer.a(sl_ll_radio.c.obj) (ll_timingGet)
C:/Users/MSI/SimplicityStudio/SDKs/simplicity_sdk//protocol/bluetooth/bgstack/ll/build/gcc/xg22/release/liblinklayer.a(ll_dtm_txn.c.obj)
                              C:/Users/MSI/SimplicityStudio/SDKs/simplicity_sdk//protocol/bluetooth/bgstack/ll/build/gcc/xg22/release/liblinklayer.a(ll_dtm.c.obj) (sli_ll_dtm_txn_start)
C:/Users/MSI/SimplicityStudio/SDKs/simplicity_sdk//protocol/bluetooth/build/gcc/cortex-m33/ble_host/bgstack/release/libbondingdb.a(bondingdb.c.obj)
                              ./simplicity_sdk_2024.12.0/protocol/bluetooth/src/sl_bt_stack_init.o (sli_feature_bt_builtin_bonding_database_init_always)
C:/Users/MSI/SimplicityStudio/SDKs/simplicity_sdk//protocol/bluetooth/build/gcc/cortex-m33/ble_host/ble_bgapi/release/libble_bgapi_gatt_client.a(bgapi_gatt_client.c.obj)
                              ./simplicity_sdk_2024.12.0/protocol/bluetooth/src/sl_bt_stack_init.o (sli_bgapi_class_bt_gatt_optimized)
C:/Users/MSI/SimplicityStudio/SDKs/simplicity_sdk//protocol/bluetooth/build/gcc/cortex-m33/ble_host/ble_bgapi/release/libble_bgapi_gatt_client.a(sl_bt_class_gatt.c.obj)
                              ./app.o (sl_bt_gatt_discover_primary_services_by_uuid)
C:/Users/MSI/SimplicityStudio/SDKs/simplicity_sdk//protocol/bluetooth/build/gcc/cortex-m33/ble_host/ble_bgapi/release/libble_bgapi_gatt_client.a(gecko_bgapi_gatt.c.obj)
                              C:/Users/MSI/SimplicityStudio/SDKs/simplicity_sdk//protocol/bluetooth/build/gcc/cortex-m33/ble_host/ble_bgapi/release/libble_bgapi_gatt_client.a(bgapi_gatt_client.c.obj) (sli_bgapi_cmd_table_bt_gatt)
C:/Users/MSI/SimplicityStudio/SDKs/simplicity_sdk//protocol/bluetooth/build/gcc/cortex-m33/ble_host/ble_bgapi/release/libble_bgapi_gatt_server.a(bgapi_gatt_server.c.obj)
                              ./simplicity_sdk_2024.12.0/protocol/bluetooth/src/sl_bt_stack_init.o (sli_bgapi_class_bt_gatt_server_optimized)
C:/Users/MSI/SimplicityStudio/SDKs/simplicity_sdk//protocol/bluetooth/build/gcc/cortex-m33/ble_host/ble_bgapi/release/libble_bgapi_gatt_server.a(sl_bt_class_gatt_server.c.obj)
                              ./sl_gatt_service_device_information.o (sl_bt_gatt_server_write_attribute_value)
C:/Users/MSI/SimplicityStudio/SDKs/simplicity_sdk//protocol/bluetooth/build/gcc/cortex-m33/ble_host/ble_bgapi/release/libble_bgapi_gatt_server.a(gecko_bgapi_gatt_server.c.obj)
                              C:/Users/MSI/SimplicityStudio/SDKs/simplicity_sdk//protocol/bluetooth/build/gcc/cortex-m33/ble_host/ble_bgapi/release/libble_bgapi_gatt_server.a(bgapi_gatt_server.c.obj) (sli_bgapi_cmd_table_bt_gatt_server)
C:/Users/MSI/SimplicityStudio/SDKs/simplicity_sdk//protocol/bluetooth/build/gcc/cortex-m33/bgapi_protocol/api3/release/libbgapi_core.a(bgapi.c.obj)
                              C:/Users/MSI/SimplicityStudio/SDKs/simplicity_sdk//protocol/bluetooth/build/gcc/cortex-m33/ble_host/ble_bgapi/release/libble_bgapi_gatt_client.a(sl_bt_class_gatt.c.obj) (sli_bgapi_cmd_rsp_msg_buf)
C:/Users/MSI/SimplicityStudio/SDKs/simplicity_sdk//protocol/bluetooth/build/gcc/cortex-m33/ble_host/bgstack/release/libble_host.a(acl.c.obj)
                              C:/Users/MSI/SimplicityStudio/SDKs/simplicity_sdk//protocol/bluetooth/build/gcc/cortex-m33/ble_host/bgstack/release/libbondingdb.a(bondingdb.c.obj) (acl_get_next)
C:/Users/MSI/SimplicityStudio/SDKs/simplicity_sdk//protocol/bluetooth/build/gcc/cortex-m33/ble_host/bgstack/release/libble_host.a(att.c.obj)
                              C:/Users/MSI/SimplicityStudio/SDKs/simplicity_sdk//protocol/bluetooth/build/gcc/cortex-m33/ble_host/ble_bgapi/release/libble_bgapi_gatt_client.a(bgapi_gatt_client.c.obj) (ubt_att_get_mtu)
C:/Users/MSI/SimplicityStudio/SDKs/simplicity_sdk//protocol/bluetooth/build/gcc/cortex-m33/ble_host/bgstack/release/libble_host.a(gap_conn-stubs.c.obj)
                              C:/Users/MSI/SimplicityStudio/SDKs/simplicity_sdk//protocol/bluetooth/build/gcc/cortex-m33/ble_host/bgstack/release/libbondingdb.a(bondingdb.c.obj) (gap_conn_disconnect_acl)
C:/Users/MSI/SimplicityStudio/SDKs/simplicity_sdk//protocol/bluetooth/build/gcc/cortex-m33/ble_host/bgstack/release/libble_host.a(sli_bt_gap_addr.c.obj)
                              C:/Users/MSI/SimplicityStudio/SDKs/simplicity_sdk//protocol/bluetooth/build/gcc/cortex-m33/ble_host/bgstack/release/libble_host.a(acl.c.obj) (sli_bt_gap_is_matching_address)
C:/Users/MSI/SimplicityStudio/SDKs/simplicity_sdk//protocol/bluetooth/build/gcc/cortex-m33/ble_host/bgstack/release/libble_host.a(gatt.c.obj)
                              C:/Users/MSI/SimplicityStudio/SDKs/simplicity_sdk//protocol/bluetooth/build/gcc/cortex-m33/ble_host/ble_bgapi/release/libble_bgapi_gatt_client.a(bgapi_gatt_client.c.obj) (gatt_set_max_mtu)
C:/Users/MSI/SimplicityStudio/SDKs/simplicity_sdk//protocol/bluetooth/build/gcc/cortex-m33/ble_host/bgstack/release/libble_host.a(gatt_caching.c.obj)
                              C:/Users/MSI/SimplicityStudio/SDKs/simplicity_sdk//protocol/bluetooth/build/gcc/cortex-m33/ble_host/ble_bgapi/release/libble_bgapi_gatt_server.a(bgapi_gatt_server.c.obj) (get_client_features)
C:/Users/MSI/SimplicityStudio/SDKs/simplicity_sdk//protocol/bluetooth/build/gcc/cortex-m33/ble_host/bgstack/release/libble_host.a(gatt_db.c.obj)
                              C:/Users/MSI/SimplicityStudio/SDKs/simplicity_sdk//protocol/bluetooth/build/gcc/cortex-m33/ble_host/ble_bgapi/release/libble_bgapi_gatt_server.a(bgapi_gatt_server.c.obj) (gatt_db_get_caps)
C:/Users/MSI/SimplicityStudio/SDKs/simplicity_sdk//protocol/bluetooth/build/gcc/cortex-m33/ble_host/bgstack/release/libble_host.a(gatt_db_dynamic.c.obj)
                              C:/Users/MSI/SimplicityStudio/SDKs/simplicity_sdk//protocol/bluetooth/build/gcc/cortex-m33/ble_host/bgstack/release/libble_host.a(gatt_db.c.obj) (gattdb_state)
C:/Users/MSI/SimplicityStudio/SDKs/simplicity_sdk//protocol/bluetooth/build/gcc/cortex-m33/ble_host/bgstack/release/libble_host.a(gatt_server.c.obj)
                              C:/Users/MSI/SimplicityStudio/SDKs/simplicity_sdk//protocol/bluetooth/build/gcc/cortex-m33/ble_host/ble_bgapi/release/libble_bgapi_gatt_server.a(bgapi_gatt_server.c.obj) (gatt_server_read_attribute_value)
C:/Users/MSI/SimplicityStudio/SDKs/simplicity_sdk//protocol/bluetooth/build/gcc/cortex-m33/ble_host/bgstack/release/libble_host.a(gatt_client_dummy.c.obj)
                              C:/Users/MSI/SimplicityStudio/SDKs/simplicity_sdk//protocol/bluetooth/build/gcc/cortex-m33/ble_host/bgstack/release/libble_host.a(att.c.obj) (att_gatt_client_handler_dummy)
C:/Users/MSI/SimplicityStudio/SDKs/simplicity_sdk//protocol/bluetooth/build/gcc/cortex-m33/ble_host/bgstack/release/libble_host.a(gatt_client.c.obj)
                              C:/Users/MSI/SimplicityStudio/SDKs/simplicity_sdk//protocol/bluetooth/build/gcc/cortex-m33/ble_host/ble_bgapi/release/libble_bgapi_gatt_client.a(bgapi_gatt_client.c.obj) (gatt_client_init)
C:/Users/MSI/SimplicityStudio/SDKs/simplicity_sdk//protocol/bluetooth/build/gcc/cortex-m33/ble_host/bgstack/release/libble_host.a(ubt_gatt_client.c.obj)
                              C:/Users/MSI/SimplicityStudio/SDKs/simplicity_sdk//protocol/bluetooth/build/gcc/cortex-m33/ble_host/ble_bgapi/release/libble_bgapi_gatt_client.a(bgapi_gatt_client.c.obj) (ubt_gatt_discover_primary_services)
C:/Users/MSI/SimplicityStudio/SDKs/simplicity_sdk//protocol/bluetooth/build/gcc/cortex-m33/ble_host/bgstack/release/libble_host.a(hci_pck.c.obj)
                              C:/Users/MSI/SimplicityStudio/SDKs/simplicity_sdk//protocol/bluetooth/build/gcc/cortex-m33/ble_host/bgstack/release/libble_host.a(acl.c.obj) (hci_cleanup_acl)
C:/Users/MSI/SimplicityStudio/SDKs/simplicity_sdk//protocol/bluetooth/build/gcc/cortex-m33/ble_host/bgstack/release/libble_host.a(l2cap.c.obj)
                              C:/Users/MSI/SimplicityStudio/SDKs/simplicity_sdk//protocol/bluetooth/build/gcc/cortex-m33/ble_host/bgstack/release/libble_host.a(att.c.obj) (l2cap_send_fixed_channel)
C:/Users/MSI/SimplicityStudio/SDKs/simplicity_sdk//protocol/bluetooth/build/gcc/cortex-m33/ble_host/bgstack/release/libble_host.a(l2cap_coc-stubs.c.obj)
                              C:/Users/MSI/SimplicityStudio/SDKs/simplicity_sdk//protocol/bluetooth/build/gcc/cortex-m33/ble_host/bgstack/release/libble_host.a(l2cap.c.obj) (l2cap_coc_validate_data_fragment)
C:/Users/MSI/SimplicityStudio/SDKs/simplicity_sdk//protocol/bluetooth/build/gcc/cortex-m33/ble_host/bgstack/release/libble_host.a(sm-stubs.c.obj)
                              C:/Users/MSI/SimplicityStudio/SDKs/simplicity_sdk//protocol/bluetooth/build/gcc/cortex-m33/ble_host/bgstack/release/libbondingdb.a(bondingdb.c.obj) (sm_send_system_error)
C:/Users/MSI/SimplicityStudio/SDKs/simplicity_sdk//protocol/bluetooth/build/gcc/cortex-m33/ble_host/bgstack/release/libble_host.a(ubt.c.obj)
                              C:/Users/MSI/SimplicityStudio/SDKs/simplicity_sdk//protocol/bluetooth/build/gcc/cortex-m33/ble_host/bgstack/release/libble_host.a(acl.c.obj) (ubt_callback)
C:/Users/MSI/SimplicityStudio/SDKs/simplicity_sdk//protocol/bluetooth/build/gcc/cortex-m33/ble_host/bgstack/release/libble_host.a(gap.c.obj)
                              C:/Users/MSI/SimplicityStudio/SDKs/simplicity_sdk//protocol/bluetooth/build/gcc/cortex-m33/ble_host/bgstack/release/libble_host.a(sli_bt_gap_addr.c.obj) (bg_gap)
C:/Users/MSI/SimplicityStudio/SDKs/simplicity_sdk//protocol/bluetooth/build/gcc/cortex-m33/ble_host/bgstack/release/libble_host.a(gap_adv-stubs.c.obj)
                              C:/Users/MSI/SimplicityStudio/SDKs/simplicity_sdk//protocol/bluetooth/build/gcc/cortex-m33/ble_host/bgstack/release/libble_host.a(sli_bt_gap_addr.c.obj) (gap_adv_get_next_adv)
C:/Users/MSI/SimplicityStudio/SDKs/simplicity_sdk//protocol/bluetooth/build/gcc/cortex-m33/ble_host/bgstack/release/libble_host.a(gap_scan-stubs.c.obj)
                              C:/Users/MSI/SimplicityStudio/SDKs/simplicity_sdk//protocol/bluetooth/build/gcc/cortex-m33/ble_host/bgstack/release/libble_host.a(gap.c.obj) (gap_scan_is_scanning)
C:/Users/MSI/SimplicityStudio/SDKs/simplicity_sdk//protocol/bluetooth/build/gcc/cortex-m33/ble_host/bgstack/release/libble_host.a(att_client.c.obj)
                              C:/Users/MSI/SimplicityStudio/SDKs/simplicity_sdk//protocol/bluetooth/build/gcc/cortex-m33/ble_host/bgstack/release/libble_host.a(gatt_client.c.obj) (att_send_find_information_request)
C:/Users/MSI/SimplicityStudio/SDKs/simplicity_sdk//protocol/bluetooth/build/gcc/cortex-m33/ble_host/bgstack/release/libble_host.a(hci.c.obj)
                              C:/Users/MSI/SimplicityStudio/SDKs/simplicity_sdk//protocol/bluetooth/build/gcc/cortex-m33/ble_host/bgstack/release/libble_host.a(ubt.c.obj) (hci_init)
C:/Users/MSI/SimplicityStudio/SDKs/simplicity_sdk//protocol/bluetooth/build/gcc/cortex-m33/ble_host/bgstack/release/libble_host.a(hci_conn.c.obj)
                              C:/Users/MSI/SimplicityStudio/SDKs/simplicity_sdk//protocol/bluetooth/build/gcc/cortex-m33/ble_host/bgstack/release/libble_host.a(l2cap.c.obj) (hci_le_connection_update)
C:/Users/MSI/SimplicityStudio/SDKs/simplicity_sdk//protocol/bluetooth/build/gcc/cortex-m33/ble_host/ble_bgapi/release/libble_bgapi.a(bgapi_gap.c.obj)
                              ./simplicity_sdk_2024.12.0/protocol/bluetooth/src/sl_bt_stack_init.o (sli_bgapi_class_bt_gap_optimized)
C:/Users/MSI/SimplicityStudio/SDKs/simplicity_sdk//protocol/bluetooth/build/gcc/cortex-m33/ble_host/ble_bgapi/release/libble_bgapi.a(bgapi_advertiser-stubs.c.obj)
                              C:/Users/MSI/SimplicityStudio/SDKs/simplicity_sdk//protocol/bluetooth/build/gcc/cortex-m33/ble_host/bgstack/release/libble_host.a(hci.c.obj) (sli_bt_advertiser_handle_hci_event)
C:/Users/MSI/SimplicityStudio/SDKs/simplicity_sdk//protocol/bluetooth/build/gcc/cortex-m33/ble_host/ble_bgapi/release/libble_bgapi.a(bgapi_advertiser.c.obj)
                              ./simplicity_sdk_2024.12.0/protocol/bluetooth/src/sl_bt_stack_init.o (sli_bgapi_class_bt_advertiser_optimized)
C:/Users/MSI/SimplicityStudio/SDKs/simplicity_sdk//protocol/bluetooth/build/gcc/cortex-m33/ble_host/ble_bgapi/release/libble_bgapi.a(bgapi_legacy_advertiser.c.obj)
                              ./simplicity_sdk_2024.12.0/protocol/bluetooth/src/sl_bt_stack_init.o (sli_bgapi_class_bt_legacy_advertiser_optimized)
C:/Users/MSI/SimplicityStudio/SDKs/simplicity_sdk//protocol/bluetooth/build/gcc/cortex-m33/ble_host/ble_bgapi/release/libble_bgapi.a(bgapi_periodic_advertiser-stubs.c.obj)
                              C:/Users/MSI/SimplicityStudio/SDKs/simplicity_sdk//protocol/bluetooth/build/gcc/cortex-m33/ble_host/bgstack/release/libble_host.a(hci.c.obj) (sli_bt_periodic_advertiser_handle_hci_event)
C:/Users/MSI/SimplicityStudio/SDKs/simplicity_sdk//protocol/bluetooth/build/gcc/cortex-m33/ble_host/ble_bgapi/release/libble_bgapi.a(bgapi_scanner-stubs.c.obj)
                              C:/Users/MSI/SimplicityStudio/SDKs/simplicity_sdk//protocol/bluetooth/build/gcc/cortex-m33/ble_host/bgstack/release/libble_host.a(hci.c.obj) (sli_bt_scanner_handle_hci_event)
C:/Users/MSI/SimplicityStudio/SDKs/simplicity_sdk//protocol/bluetooth/build/gcc/cortex-m33/ble_host/ble_bgapi/release/libble_bgapi.a(bgapi_scanner.c.obj)
                              ./simplicity_sdk_2024.12.0/protocol/bluetooth/src/sl_bt_stack_init.o (sli_bgapi_class_bt_scanner_optimized)
C:/Users/MSI/SimplicityStudio/SDKs/simplicity_sdk//protocol/bluetooth/build/gcc/cortex-m33/ble_host/ble_bgapi/release/libble_bgapi.a(bgapi_scanner_base.c.obj)
                              C:/Users/MSI/SimplicityStudio/SDKs/simplicity_sdk//protocol/bluetooth/build/gcc/cortex-m33/ble_host/ble_bgapi/release/libble_bgapi.a(bgapi_scanner.c.obj) (sli_bt_scanner_base_send_advertisement_report_event)
C:/Users/MSI/SimplicityStudio/SDKs/simplicity_sdk//protocol/bluetooth/build/gcc/cortex-m33/ble_host/ble_bgapi/release/libble_bgapi.a(bgapi_extended_scanner-stubs.c.obj)
                              C:/Users/MSI/SimplicityStudio/SDKs/simplicity_sdk//protocol/bluetooth/build/gcc/cortex-m33/ble_host/ble_bgapi/release/libble_bgapi.a(bgapi_scanner_base.c.obj) (sli_bt_extended_scanner_send_advertisement_report_event)
C:/Users/MSI/SimplicityStudio/SDKs/simplicity_sdk//protocol/bluetooth/build/gcc/cortex-m33/ble_host/ble_bgapi/release/libble_bgapi.a(bgapi_gattdb.c.obj)
                              ./simplicity_sdk_2024.12.0/protocol/bluetooth/src/sl_bt_stack_init.o (sli_bgapi_class_bt_gattdb_optimized)
C:/Users/MSI/SimplicityStudio/SDKs/simplicity_sdk//protocol/bluetooth/build/gcc/cortex-m33/ble_host/ble_bgapi/release/libble_bgapi.a(bgapi_gatt_listener.c.obj)
                              C:/Users/MSI/SimplicityStudio/SDKs/simplicity_sdk//protocol/bluetooth/build/gcc/cortex-m33/ble_host/bgstack/release/libble_host.a(gatt.c.obj) (get_api_gatt_message_listener)
C:/Users/MSI/SimplicityStudio/SDKs/simplicity_sdk//protocol/bluetooth/build/gcc/cortex-m33/ble_host/ble_bgapi/release/libble_bgapi.a(bgapi_sm.c.obj)
                              ./simplicity_sdk_2024.12.0/protocol/bluetooth/src/sl_bt_stack_init.o (sli_bgapi_class_bt_sm_optimized)
C:/Users/MSI/SimplicityStudio/SDKs/simplicity_sdk//protocol/bluetooth/build/gcc/cortex-m33/ble_host/ble_bgapi/release/libble_bgapi.a(bgapi_system.c.obj)
                              ./simplicity_sdk_2024.12.0/protocol/bluetooth/src/sl_bt_stack_init.o (sli_bgapi_class_bt_system_optimized)
C:/Users/MSI/SimplicityStudio/SDKs/simplicity_sdk//protocol/bluetooth/build/gcc/cortex-m33/ble_host/ble_bgapi/release/libble_bgapi.a(bgapi_connection.c.obj)
                              ./simplicity_sdk_2024.12.0/protocol/bluetooth/src/sl_bt_stack_init.o (sli_bgapi_class_bt_connection_optimized)
C:/Users/MSI/SimplicityStudio/SDKs/simplicity_sdk//protocol/bluetooth/build/gcc/cortex-m33/ble_host/ble_bgapi/release/libble_bgapi.a(bgapi_connection_statistics-stubs.c.obj)
                              C:/Users/MSI/SimplicityStudio/SDKs/simplicity_sdk//protocol/bluetooth/build/gcc/cortex-m33/ble_host/bgstack/release/libble_host.a(hci.c.obj) (sli_bt_connection_statistics_handle_hci_event)
C:/Users/MSI/SimplicityStudio/SDKs/simplicity_sdk//protocol/bluetooth/build/gcc/cortex-m33/ble_host/ble_bgapi/release/libble_bgapi.a(bgapi_connection_subrate-stubs.c.obj)
                              C:/Users/MSI/SimplicityStudio/SDKs/simplicity_sdk//protocol/bluetooth/build/gcc/cortex-m33/ble_host/bgstack/release/libble_host.a(hci.c.obj) (sli_bt_connection_subrate_handle_hci_event)
C:/Users/MSI/SimplicityStudio/SDKs/simplicity_sdk//protocol/bluetooth/build/gcc/cortex-m33/ble_host/ble_bgapi/release/libble_bgapi.a(bgapi_l2cap.c.obj)
                              ./simplicity_sdk_2024.12.0/protocol/bluetooth/src/sl_bt_stack_init.o (sli_bgapi_class_bt_l2cap_optimized)
C:/Users/MSI/SimplicityStudio/SDKs/simplicity_sdk//protocol/bluetooth/build/gcc/cortex-m33/ble_host/ble_bgapi/release/libble_bgapi.a(bgapi_system_start_stop-stubs.c.obj)
                              ./autogen/sl_bluetooth.o (sli_bt_system_start_bluetooth)
C:/Users/MSI/SimplicityStudio/SDKs/simplicity_sdk//protocol/bluetooth/build/gcc/cortex-m33/ble_host/ble_bgapi/release/libble_bgapi.a(bgapi_rtos_adaptation-stubs.c.obj)
                              C:/Users/MSI/SimplicityStudio/SDKs/simplicity_sdk//protocol/bluetooth/build/gcc/cortex-m33/bgapi_protocol/api3/release/libbgapi_core.a(bgapi.c.obj) (sl_bgapi_lock)
C:/Users/MSI/SimplicityStudio/SDKs/simplicity_sdk//protocol/bluetooth/build/gcc/cortex-m33/ble_host/ble_bgapi/release/libble_bgapi.a(bgapi_resolving_list-stubs.c.obj)
                              C:/Users/MSI/SimplicityStudio/SDKs/simplicity_sdk//protocol/bluetooth/build/gcc/cortex-m33/ble_host/ble_bgapi/release/libble_bgapi.a(bgapi_sm.c.obj) (sli_bt_resolving_list_remove_device_by_bonding)
C:/Users/MSI/SimplicityStudio/SDKs/simplicity_sdk//protocol/bluetooth/build/gcc/cortex-m33/ble_host/ble_bgapi/release/libble_bgapi.a(bgapi_channel_sounding-stubs.c.obj)
                              C:/Users/MSI/SimplicityStudio/SDKs/simplicity_sdk//protocol/bluetooth/build/gcc/cortex-m33/ble_host/bgstack/release/libble_host.a(hci.c.obj) (sli_bt_channel_sounding_handle_hci_event)
C:/Users/MSI/SimplicityStudio/SDKs/simplicity_sdk//protocol/bluetooth/build/gcc/cortex-m33/ble_host/ble_bgapi/release/libble_bgapi.a(bgapi_channel_sounding_test-stubs.c.obj)
                              C:/Users/MSI/SimplicityStudio/SDKs/simplicity_sdk//protocol/bluetooth/build/gcc/cortex-m33/ble_host/bgstack/release/libble_host.a(hci.c.obj) (sli_bt_channel_sounding_test_handle_hci_event)
C:/Users/MSI/SimplicityStudio/SDKs/simplicity_sdk//protocol/bluetooth/build/gcc/cortex-m33/ble_host/ble_bgapi/release/libble_bgapi.a(bgapi_resource-stubs.c.obj)
                              C:/Users/MSI/SimplicityStudio/SDKs/simplicity_sdk//protocol/bluetooth/build/gcc/cortex-m33/ble_host/bgstack/release/libble_host.a(hci.c.obj) (sli_bt_bgapi_resource_handle_hci_event)
C:/Users/MSI/SimplicityStudio/SDKs/simplicity_sdk//protocol/bluetooth/build/gcc/cortex-m33/ble_host/ble_bgapi/release/libble_bgapi.a(bgapi_efr32_hal.c.obj)
                              C:/Users/MSI/SimplicityStudio/SDKs/simplicity_sdk//protocol/bluetooth/build/gcc/cortex-m33/ble_host/ble_bgapi/release/libble_bgapi.a(bgapi_connection.c.obj) (bgapi_ubt_listener)
C:/Users/MSI/SimplicityStudio/SDKs/simplicity_sdk//protocol/bluetooth/build/gcc/cortex-m33/ble_host/ble_bgapi/release/libble_bgapi.a(bgapi_hci_phy_to_gap_phy.c.obj)
                              C:/Users/MSI/SimplicityStudio/SDKs/simplicity_sdk//protocol/bluetooth/build/gcc/cortex-m33/ble_host/ble_bgapi/release/libble_bgapi.a(bgapi_scanner.c.obj) (sli_bt_hci_phy_to_gap_phy)
C:/Users/MSI/SimplicityStudio/SDKs/simplicity_sdk//protocol/bluetooth/build/gcc/cortex-m33/ble_host/ble_bgapi/release/libble_bgapi.a(bgapi_connection_analyzer-stubs.c.obj)
                              C:/Users/MSI/SimplicityStudio/SDKs/simplicity_sdk//protocol/bluetooth/build/gcc/cortex-m33/ble_host/bgstack/release/libble_host.a(hci.c.obj) (sli_bt_connection_analyzer_handle_hci_event)
C:/Users/MSI/SimplicityStudio/SDKs/simplicity_sdk//protocol/bluetooth/build/gcc/cortex-m33/ble_host/ble_bgapi/release/libble_bgapi.a(bgapi_sync-stubs.c.obj)
                              C:/Users/MSI/SimplicityStudio/SDKs/simplicity_sdk//protocol/bluetooth/build/gcc/cortex-m33/ble_host/bgstack/release/libbondingdb.a(bondingdb.c.obj) (sli_bt_sync_close_syncs_for_bonding)
C:/Users/MSI/SimplicityStudio/SDKs/simplicity_sdk//protocol/bluetooth/build/gcc/cortex-m33/ble_host/ble_bgapi/release/libble_bgapi.a(bgapi_sync_scanner-stubs.c.obj)
                              C:/Users/MSI/SimplicityStudio/SDKs/simplicity_sdk//protocol/bluetooth/build/gcc/cortex-m33/ble_host/bgstack/release/libble_host.a(hci.c.obj) (sli_bt_sync_scanner_handle_hci_event)
C:/Users/MSI/SimplicityStudio/SDKs/simplicity_sdk//protocol/bluetooth/build/gcc/cortex-m33/ble_host/ble_bgapi/release/libble_bgapi.a(bgapi_past_receiver-stubs.c.obj)
                              C:/Users/MSI/SimplicityStudio/SDKs/simplicity_sdk//protocol/bluetooth/build/gcc/cortex-m33/ble_host/bgstack/release/libble_host.a(hci.c.obj) (sli_bt_past_receiver_handle_hci_event)
C:/Users/MSI/SimplicityStudio/SDKs/simplicity_sdk//protocol/bluetooth/build/gcc/cortex-m33/ble_host/ble_bgapi/release/libble_bgapi.a(bgapi_pawr_advertiser-stubs.c.obj)
                              C:/Users/MSI/SimplicityStudio/SDKs/simplicity_sdk//protocol/bluetooth/build/gcc/cortex-m33/ble_host/bgstack/release/libble_host.a(hci.c.obj) (sli_bt_pawr_advertiser_handle_hci_event)
C:/Users/MSI/SimplicityStudio/SDKs/simplicity_sdk//protocol/bluetooth/build/gcc/cortex-m33/ble_host/ble_bgapi/release/libble_bgapi.a(sl_bt.c.obj)
                              ./autogen/sl_bluetooth.o (sl_bt_pop_event)
C:/Users/MSI/SimplicityStudio/SDKs/simplicity_sdk//protocol/bluetooth/build/gcc/cortex-m33/ble_host/ble_bgapi/release/libble_bgapi.a(sl_bt_class_legacy_advertiser.c.obj)
                              ./app.o (sl_bt_legacy_advertiser_generate_data)
C:/Users/MSI/SimplicityStudio/SDKs/simplicity_sdk//protocol/bluetooth/build/gcc/cortex-m33/ble_host/ble_bgapi/release/libble_bgapi.a(sl_bt_class_connection.c.obj)
                              ./app.o (sl_bt_connection_open)
C:/Users/MSI/SimplicityStudio/SDKs/simplicity_sdk//protocol/bluetooth/build/gcc/cortex-m33/ble_host/ble_bgapi/release/libble_bgapi.a(sl_bt_class_gap.c.obj)
                              ./app.o (sl_bt_gap_get_identity_address)
C:/Users/MSI/SimplicityStudio/SDKs/simplicity_sdk//protocol/bluetooth/build/gcc/cortex-m33/ble_host/ble_bgapi/release/libble_bgapi.a(sl_bt_class_l2cap.c.obj)
                              ./app.o (sl_bt_l2cap_open_le_channel)
C:/Users/MSI/SimplicityStudio/SDKs/simplicity_sdk//protocol/bluetooth/build/gcc/cortex-m33/ble_host/ble_bgapi/release/libble_bgapi.a(sl_bt_class_scanner.c.obj)
                              ./app.o (sl_bt_scanner_set_parameters)
C:/Users/MSI/SimplicityStudio/SDKs/simplicity_sdk//protocol/bluetooth/build/gcc/cortex-m33/ble_host/ble_bgapi/release/libble_bgapi.a(gecko_bgapi_advertiser.c.obj)
                              C:/Users/MSI/SimplicityStudio/SDKs/simplicity_sdk//protocol/bluetooth/build/gcc/cortex-m33/ble_host/ble_bgapi/release/libble_bgapi.a(bgapi_advertiser.c.obj) (sli_bgapi_cmd_table_bt_advertiser)
C:/Users/MSI/SimplicityStudio/SDKs/simplicity_sdk//protocol/bluetooth/build/gcc/cortex-m33/ble_host/ble_bgapi/release/libble_bgapi.a(gecko_bgapi_legacy_advertiser.c.obj)
                              C:/Users/MSI/SimplicityStudio/SDKs/simplicity_sdk//protocol/bluetooth/build/gcc/cortex-m33/ble_host/ble_bgapi/release/libble_bgapi.a(bgapi_legacy_advertiser.c.obj) (sli_bgapi_cmd_table_bt_legacy_advertiser)
C:/Users/MSI/SimplicityStudio/SDKs/simplicity_sdk//protocol/bluetooth/build/gcc/cortex-m33/ble_host/ble_bgapi/release/libble_bgapi.a(gecko_bgapi_connection.c.obj)
                              C:/Users/MSI/SimplicityStudio/SDKs/simplicity_sdk//protocol/bluetooth/build/gcc/cortex-m33/ble_host/ble_bgapi/release/libble_bgapi.a(bgapi_connection.c.obj) (sli_bgapi_cmd_table_bt_connection)
C:/Users/MSI/SimplicityStudio/SDKs/simplicity_sdk//protocol/bluetooth/build/gcc/cortex-m33/ble_host/ble_bgapi/release/libble_bgapi.a(gecko_bgapi_gap.c.obj)
                              C:/Users/MSI/SimplicityStudio/SDKs/simplicity_sdk//protocol/bluetooth/build/gcc/cortex-m33/ble_host/ble_bgapi/release/libble_bgapi.a(bgapi_gap.c.obj) (sli_bgapi_cmd_table_bt_gap)
C:/Users/MSI/SimplicityStudio/SDKs/simplicity_sdk//protocol/bluetooth/build/gcc/cortex-m33/ble_host/ble_bgapi/release/libble_bgapi.a(gecko_bgapi_gattdb.c.obj)
                              C:/Users/MSI/SimplicityStudio/SDKs/simplicity_sdk//protocol/bluetooth/build/gcc/cortex-m33/ble_host/ble_bgapi/release/libble_bgapi.a(bgapi_gattdb.c.obj) (sli_bgapi_cmd_table_bt_gattdb)
C:/Users/MSI/SimplicityStudio/SDKs/simplicity_sdk//protocol/bluetooth/build/gcc/cortex-m33/ble_host/ble_bgapi/release/libble_bgapi.a(gecko_bgapi_l2cap.c.obj)
                              C:/Users/MSI/SimplicityStudio/SDKs/simplicity_sdk//protocol/bluetooth/build/gcc/cortex-m33/ble_host/ble_bgapi/release/libble_bgapi.a(bgapi_l2cap.c.obj) (sli_bgapi_cmd_table_bt_l2cap)
C:/Users/MSI/SimplicityStudio/SDKs/simplicity_sdk//protocol/bluetooth/build/gcc/cortex-m33/ble_host/ble_bgapi/release/libble_bgapi.a(gecko_bgapi_scanner.c.obj)
                              C:/Users/MSI/SimplicityStudio/SDKs/simplicity_sdk//protocol/bluetooth/build/gcc/cortex-m33/ble_host/ble_bgapi/release/libble_bgapi.a(bgapi_scanner.c.obj) (sli_bgapi_cmd_table_bt_scanner)
C:/Users/MSI/SimplicityStudio/SDKs/simplicity_sdk//protocol/bluetooth/build/gcc/cortex-m33/ble_host/ble_bgapi/release/libble_bgapi.a(gecko_bgapi_sm.c.obj)
                              C:/Users/MSI/SimplicityStudio/SDKs/simplicity_sdk//protocol/bluetooth/build/gcc/cortex-m33/ble_host/ble_bgapi/release/libble_bgapi.a(bgapi_sm.c.obj) (sli_bgapi_cmd_table_bt_sm)
C:/Users/MSI/SimplicityStudio/SDKs/simplicity_sdk//protocol/bluetooth/build/gcc/cortex-m33/ble_host/ble_bgapi/release/libble_bgapi.a(gecko_bgapi_system.c.obj)
                              C:/Users/MSI/SimplicityStudio/SDKs/simplicity_sdk//protocol/bluetooth/build/gcc/cortex-m33/ble_host/ble_bgapi/release/libble_bgapi.a(bgapi_system.c.obj) (sli_bgapi_cmd_table_bt_system)
C:/Users/MSI/SimplicityStudio/SDKs/simplicity_sdk//protocol/bluetooth/build/gcc/cortex-m33/ble_host/ble_bgapi/release/libble_bgapi.a(bgapi_connection_user_power_control-stubs.c.obj)
                              C:/Users/MSI/SimplicityStudio/SDKs/simplicity_sdk//protocol/bluetooth/build/gcc/cortex-m33/ble_host/ble_bgapi/release/libble_bgapi.a(sl_bt_class_connection.c.obj) (sli_bt_cmd_connection_set_tx_power)
C:/Users/MSI/SimplicityStudio/SDKs/simplicity_sdk//protocol/bluetooth/build/gcc/cortex-m33/ble_host/ble_bgapi/release/libble_bgapi.a(bgapi_fifo.c.obj)
                              C:/Users/MSI/SimplicityStudio/SDKs/simplicity_sdk//protocol/bluetooth/build/gcc/cortex-m33/ble_host/ble_bgapi/release/libble_bgapi.a(gecko_bgapi_system.c.obj) (sli_bt_cmd_system_data_buffer_write)
C:/Users/MSI/SimplicityStudio/SDKs/simplicity_sdk//protocol/bluetooth/build/gcc/cortex-m33/ble_host/system/release/libble_system.a(bglib.c.obj)
                              C:/Users/MSI/SimplicityStudio/SDKs/simplicity_sdk//protocol/bluetooth/build/gcc/cortex-m33/ble_host/ble_bgapi/release/libble_bgapi.a(bgapi_system.c.obj) (sli_bt_bgapi_bt_device)
C:/Users/MSI/SimplicityStudio/SDKs/simplicity_sdk//protocol/bluetooth/build/gcc/cortex-m33/ble_host/system/release/libble_system.a(init.c.obj)
                              C:/Users/MSI/SimplicityStudio/SDKs/simplicity_sdk//protocol/bluetooth/build/gcc/cortex-m33/ble_host/system/release/libble_system.a(bglib.c.obj) (bg_radio_init)
C:/Users/MSI/SimplicityStudio/SDKs/simplicity_sdk//protocol/bluetooth/build/gcc/cortex-m33/ble_host/system/release/libble_system.a(ll_task.c.obj)
                              ./simplicity_sdk_2024.12.0/protocol/bluetooth/src/sli_bt_host_adaptation.o (sl_bt_priority_handle)
C:/Users/MSI/SimplicityStudio/SDKs/simplicity_sdk//protocol/bluetooth/build/gcc/cortex-m33/ble_host/system/release/libble_system.a(ll_to_hci.c.obj)
                              C:/Users/MSI/SimplicityStudio/SDKs/simplicity_sdk//protocol/bluetooth/build/gcc/cortex-m33/ble_host/system/release/libble_system.a(init.c.obj) (bgll_init)
C:/Users/MSI/SimplicityStudio/SDKs/simplicity_sdk//protocol/bluetooth/build/gcc/cortex-m33/ble_host/system/release/libble_system.a(pskeys.c.obj)
                              C:/Users/MSI/SimplicityStudio/SDKs/simplicity_sdk//protocol/bluetooth/build/gcc/cortex-m33/ble_host/bgstack/release/libbondingdb.a(bondingdb.c.obj) (ubt_pskey_write_callback)
C:/Users/MSI/SimplicityStudio/SDKs/simplicity_sdk//platform/radio/rail_lib/autogen/librail_release/librail_efr32xg22_gcc_release.a(rail_singleprotocol.o)
                              C:/Users/MSI/SimplicityStudio/SDKs/simplicity_sdk//protocol/bluetooth/bgstack/ll/build/gcc/xg22/release/liblinklayer.a(sl_ll_radio_efr.c.obj) (RAIL_Init)
C:/Users/MSI/SimplicityStudio/SDKs/simplicity_sdk//platform/radio/rail_lib/autogen/librail_release/librail_efr32xg22_gcc_release.a(rail_rf.o)
                              C:/Users/MSI/SimplicityStudio/SDKs/simplicity_sdk//protocol/bluetooth/bgstack/ll/build/gcc/xg22/release/liblinklayer.a(sl_ll_radio_efr.c.obj) (RAIL_UnlockModule)
C:/Users/MSI/SimplicityStudio/SDKs/simplicity_sdk//platform/radio/rail_lib/autogen/librail_release/librail_efr32xg22_gcc_release.a(rail_rx.o)
                              C:/Users/MSI/SimplicityStudio/SDKs/simplicity_sdk//protocol/bluetooth/bgstack/ll/build/gcc/xg22/release/liblinklayer.a(sl_ll_radio_efr.c.obj) (RAIL_ConfigRxOptions)
C:/Users/MSI/SimplicityStudio/SDKs/simplicity_sdk//platform/radio/rail_lib/autogen/librail_release/librail_efr32xg22_gcc_release.a(rail_tx.o)
                              C:/Users/MSI/SimplicityStudio/SDKs/simplicity_sdk//platform/radio/rail_lib/autogen/librail_release/librail_efr32xg22_gcc_release.a(rail_singleprotocol.o) (RAILINT_702d492f891744505c1804ad464b3197)
C:/Users/MSI/SimplicityStudio/SDKs/simplicity_sdk//platform/radio/rail_lib/autogen/librail_release/librail_efr32xg22_gcc_release.a(rail_calibration.o)
                              C:/Users/MSI/SimplicityStudio/SDKs/simplicity_sdk//platform/radio/rail_lib/autogen/librail_release/librail_efr32xg22_gcc_release.a(rail_singleprotocol.o) (RAILINT_3f0676ac0f150b09d4f7c9192cb9582b)
C:/Users/MSI/SimplicityStudio/SDKs/simplicity_sdk//platform/radio/rail_lib/autogen/librail_release/librail_efr32xg22_gcc_release.a(rail_data.o)
                              C:/Users/MSI/SimplicityStudio/SDKs/simplicity_sdk//protocol/bluetooth/bgstack/ll/build/gcc/xg22/release/liblinklayer.a(sl_ll_radio_efr.c.obj) (RAIL_WriteTxFifo)
C:/Users/MSI/SimplicityStudio/SDKs/simplicity_sdk//platform/radio/rail_lib/autogen/librail_release/librail_efr32xg22_gcc_release.a(rail_assert.o)
                              C:/Users/MSI/SimplicityStudio/SDKs/simplicity_sdk//platform/radio/rail_lib/autogen/librail_release/librail_efr32xg22_gcc_release.a(rail_rf.o) (RAILINT_205167ae842e22724c3f35c6430eeddb)
C:/Users/MSI/SimplicityStudio/SDKs/simplicity_sdk//platform/radio/rail_lib/autogen/librail_release/librail_efr32xg22_gcc_release.a(rail_filter.o)
                              C:/Users/MSI/SimplicityStudio/SDKs/simplicity_sdk//protocol/bluetooth/bgstack/ll/build/gcc/xg22/release/liblinklayer.a(sl_ll_radio_efr.c.obj) (RAIL_ResetAddressFilter)
C:/Users/MSI/SimplicityStudio/SDKs/simplicity_sdk//platform/radio/rail_lib/autogen/librail_release/librail_efr32xg22_gcc_release.a(rail_pti.o)
                              ./simplicity_sdk_2024.12.0/platform/radio/rail_lib/plugin/rail_util_pti/sl_rail_util_pti.o (RAIL_ConfigPti)
C:/Users/MSI/SimplicityStudio/SDKs/simplicity_sdk//platform/radio/rail_lib/autogen/librail_release/librail_efr32xg22_gcc_release.a(rail_rssi.o)
                              C:/Users/MSI/SimplicityStudio/SDKs/simplicity_sdk//protocol/bluetooth/bgstack/ll/build/gcc/xg22/release/liblinklayer.a(sl_ll_radio_efr.c.obj) (RAIL_GetAverageRssi)
C:/Users/MSI/SimplicityStudio/SDKs/simplicity_sdk//platform/radio/rail_lib/autogen/librail_release/librail_efr32xg22_gcc_release.a(rail_timer.o)
                              C:/Users/MSI/SimplicityStudio/SDKs/simplicity_sdk//protocol/bluetooth/bgstack/ll/build/gcc/xg22/release/liblinklayer.a(sl_ll_radio_efr.c.obj) (RAIL_GetTime)
C:/Users/MSI/SimplicityStudio/SDKs/simplicity_sdk//platform/radio/rail_lib/autogen/librail_release/librail_efr32xg22_gcc_release.a(rail_features.o)
                              C:/Users/MSI/SimplicityStudio/SDKs/simplicity_sdk//protocol/bluetooth/bgstack/ll/build/gcc/xg22/release/liblinklayer.a(sl_ll_radio_efr.c.obj) (RAIL_SupportsTxRepeatStartToStart)
C:/Users/MSI/SimplicityStudio/SDKs/simplicity_sdk//platform/radio/rail_lib/autogen/librail_release/librail_efr32xg22_gcc_release.a(tmrdrv.o)
                              C:/Users/MSI/SimplicityStudio/SDKs/simplicity_sdk//platform/radio/rail_lib/autogen/librail_release/librail_efr32xg22_gcc_release.a(rail_timer.o) (RAILINT_03a02e949ccb07bdf2c116a95bc1063d)
C:/Users/MSI/SimplicityStudio/SDKs/simplicity_sdk//platform/radio/rail_lib/autogen/librail_release/librail_efr32xg22_gcc_release.a(tmrdrv_config.o)
                              C:/Users/MSI/SimplicityStudio/SDKs/simplicity_sdk//platform/radio/rail_lib/autogen/librail_release/librail_efr32xg22_gcc_release.a(tmrdrv.o) (RAILINT_47ca1afb9bdf7beb1cf53c552f662e9e)
C:/Users/MSI/SimplicityStudio/SDKs/simplicity_sdk//platform/radio/rail_lib/autogen/librail_release/librail_efr32xg22_gcc_release.a(pa_auto_mode.o)
                              C:/Users/MSI/SimplicityStudio/SDKs/simplicity_sdk//protocol/bluetooth/bgstack/ll/build/gcc/xg22/release/liblinklayer.a(sl_ll_radio_efr_pa.c.obj) (RAILCb_PaAutoModeDecision)
C:/Users/MSI/SimplicityStudio/SDKs/simplicity_sdk//platform/radio/rail_lib/autogen/librail_release/librail_efr32xg22_gcc_release.a(rail_ble.o)
                              C:/Users/MSI/SimplicityStudio/SDKs/simplicity_sdk//protocol/bluetooth/bgstack/ll/build/gcc/xg22/release/liblinklayer.a(sl_ll_radio_efr.c.obj) (RAIL_BLE_Init)
C:/Users/MSI/SimplicityStudio/SDKs/simplicity_sdk//platform/radio/rail_lib/autogen/librail_release/librail_efr32xg22_gcc_release.a(rail_power_manager.o)
                              C:/Users/MSI/SimplicityStudio/SDKs/simplicity_sdk//platform/radio/rail_lib/autogen/librail_release/librail_efr32xg22_gcc_release.a(rail_singleprotocol.o) (RAILINT_e249e111bd82b72456bdb4a8b657bbcc)
C:/Users/MSI/SimplicityStudio/SDKs/simplicity_sdk//platform/radio/rail_lib/autogen/librail_release/librail_efr32xg22_gcc_release.a(rail_rf_hal.o)
                              C:/Users/MSI/SimplicityStudio/SDKs/simplicity_sdk//platform/radio/rail_lib/autogen/librail_release/librail_efr32xg22_gcc_release.a(rail_rf.o) (RAILINT_a4513097d364cd061b68323b55855075)
C:/Users/MSI/SimplicityStudio/SDKs/simplicity_sdk//platform/radio/rail_lib/autogen/librail_release/librail_efr32xg22_gcc_release.a(rfhal_rac.o)
                              C:/Users/MSI/SimplicityStudio/SDKs/simplicity_sdk//platform/radio/rail_lib/autogen/librail_release/librail_efr32xg22_gcc_release.a(rail_rf_hal.o) (RAILINT_d6028b964a2c1e753464162f00f686b3)
C:/Users/MSI/SimplicityStudio/SDKs/simplicity_sdk//platform/radio/rail_lib/autogen/librail_release/librail_efr32xg22_gcc_release.a(rail_ieee802154_rf_hal.o)
                              C:/Users/MSI/SimplicityStudio/SDKs/simplicity_sdk//platform/radio/rail_lib/autogen/librail_release/librail_efr32xg22_gcc_release.a(rail_rf.o) (RAILINT_5cc919fc20dd52f2d4dcd0fd622a0329)
C:/Users/MSI/SimplicityStudio/SDKs/simplicity_sdk//platform/radio/rail_lib/autogen/librail_release/librail_efr32xg22_gcc_release.a(rail_ble_rf_hal.o)
                              C:/Users/MSI/SimplicityStudio/SDKs/simplicity_sdk//platform/radio/rail_lib/autogen/librail_release/librail_efr32xg22_gcc_release.a(rail_ble.o) (RAILINT_5a6a51eb6827ab31f1f6f8d5bdd2ebc5)
C:/Users/MSI/SimplicityStudio/SDKs/simplicity_sdk//platform/radio/rail_lib/autogen/librail_release/librail_efr32xg22_gcc_release.a(rail_ble_rf_hal_cte.o)
                              C:/Users/MSI/SimplicityStudio/SDKs/simplicity_sdk//platform/radio/rail_lib/autogen/librail_release/librail_efr32xg22_gcc_release.a(rail_ble_rf_hal.o) (RAILINT_f50963c8909d13a7a741bcc4853462cb)
C:/Users/MSI/SimplicityStudio/SDKs/simplicity_sdk//platform/radio/rail_lib/autogen/librail_release/librail_efr32xg22_gcc_release.a(rfhal_ircal.o)
                              C:/Users/MSI/SimplicityStudio/SDKs/simplicity_sdk//platform/radio/rail_lib/autogen/librail_release/librail_efr32xg22_gcc_release.a(rail_calibration.o) (RAILINT_cfa5a467c37a5670581316d9a449dab5)
C:/Users/MSI/SimplicityStudio/SDKs/simplicity_sdk//platform/radio/rail_lib/autogen/librail_release/librail_efr32xg22_gcc_release.a(rfhal_loopback.o)
                              C:/Users/MSI/SimplicityStudio/SDKs/simplicity_sdk//platform/radio/rail_lib/autogen/librail_release/librail_efr32xg22_gcc_release.a(rfhal_ircal.o) (RAILINT_20df4ba4b70a511b44da3106fbe77c6b)
C:/Users/MSI/SimplicityStudio/SDKs/simplicity_sdk//platform/radio/rail_lib/autogen/librail_release/librail_efr32xg22_gcc_release.a(rfhal_antenna.o)
                              C:/Users/MSI/SimplicityStudio/SDKs/simplicity_sdk//platform/radio/rail_lib/autogen/librail_release/librail_efr32xg22_gcc_release.a(rfhal_ircal.o) (RAILINT_7c4474e9c252fd93501bbf7d6298f3d3)
C:/Users/MSI/SimplicityStudio/SDKs/simplicity_sdk//platform/radio/rail_lib/autogen/librail_release/librail_efr32xg22_gcc_release.a(rfhal_bufc.o)
                              C:/Users/MSI/SimplicityStudio/SDKs/simplicity_sdk//platform/radio/rail_lib/autogen/librail_release/librail_efr32xg22_gcc_release.a(rail_rf_hal.o) (RAILINT_86983bfebc3fcf81f3ab3444e4625a88)
C:/Users/MSI/SimplicityStudio/SDKs/simplicity_sdk//platform/radio/rail_lib/autogen/librail_release/librail_efr32xg22_gcc_release.a(rfhal_features.o)
                              C:/Users/MSI/SimplicityStudio/SDKs/simplicity_sdk//platform/radio/rail_lib/autogen/librail_release/librail_efr32xg22_gcc_release.a(rail_features.o) (RAILINT_418e3a369b427cb9d5f553333749ecc0)
C:/Users/MSI/SimplicityStudio/SDKs/simplicity_sdk//platform/radio/rail_lib/autogen/librail_release/librail_efr32xg22_gcc_release.a(rfhal_module.o)
                              C:/Users/MSI/SimplicityStudio/SDKs/simplicity_sdk//platform/radio/rail_lib/autogen/librail_release/librail_efr32xg22_gcc_release.a(rail_rf.o) (RAILINT_e19e9dbc170fb3b61b61cf232a51ebdc)
C:/Users/MSI/SimplicityStudio/SDKs/simplicity_sdk//platform/radio/rail_lib/autogen/librail_release/librail_efr32xg22_gcc_release.a(rfhal_pa.o)
                              C:/Users/MSI/SimplicityStudio/SDKs/simplicity_sdk//platform/radio/rail_lib/autogen/librail_release/librail_efr32xg22_gcc_release.a(rail_rf_hal.o) (RAILINT_5eae5b33728fa998af27aab462a94cc2)
C:/Users/MSI/SimplicityStudio/SDKs/simplicity_sdk//platform/radio/rail_lib/autogen/librail_release/librail_efr32xg22_gcc_release.a(rfhal_thermistor.o)
                              C:/Users/MSI/SimplicityStudio/SDKs/simplicity_sdk//platform/radio/rail_lib/autogen/librail_release/librail_efr32xg22_gcc_release.a(rfhal_features.o) (RAILINT_c56d0de9daeebab88f2f562c434c1e14)
C:/Users/MSI/SimplicityStudio/SDKs/simplicity_sdk//platform/radio/rail_lib/autogen/librail_release/librail_efr32xg22_gcc_release.a(rfhal_pti.o)
                              C:/Users/MSI/SimplicityStudio/SDKs/simplicity_sdk//platform/radio/rail_lib/autogen/librail_release/librail_efr32xg22_gcc_release.a(rail_rf_hal.o) (RAILINT_1a28987f80d88c2ee465192586a92d40)
C:/Users/MSI/SimplicityStudio/SDKs/simplicity_sdk//platform/radio/rail_lib/autogen/librail_release/librail_efr32xg22_gcc_release.a(rfhal_protimer.o)
                              C:/Users/MSI/SimplicityStudio/SDKs/simplicity_sdk//platform/radio/rail_lib/autogen/librail_release/librail_efr32xg22_gcc_release.a(rail_rf_hal.o) (RAILINT_a2bb09bbf0f5a66273c06b6551b0acd9)
C:/Users/MSI/SimplicityStudio/SDKs/simplicity_sdk//platform/radio/rail_lib/autogen/librail_release/librail_efr32xg22_gcc_release.a(rfhal_protimer_shared.o)
                              C:/Users/MSI/SimplicityStudio/SDKs/simplicity_sdk//platform/radio/rail_lib/autogen/librail_release/librail_efr32xg22_gcc_release.a(rail_rf_hal.o) (RAILINT_3d752c35229134eb0acd91db488d7c4c)
C:/Users/MSI/SimplicityStudio/SDKs/simplicity_sdk//platform/radio/rail_lib/autogen/librail_release/librail_efr32xg22_gcc_release.a(rfhal_radio.o)
                              C:/Users/MSI/SimplicityStudio/SDKs/simplicity_sdk//platform/radio/rail_lib/autogen/librail_release/librail_efr32xg22_gcc_release.a(rail_rf_hal.o) (RAILINT_c174cd7e27ebfe1b2de47ff269c167ee)
C:/Users/MSI/SimplicityStudio/SDKs/simplicity_sdk//platform/radio/rail_lib/autogen/librail_release/librail_efr32xg22_gcc_release.a(rfhal_rftest.o)
                              C:/Users/MSI/SimplicityStudio/SDKs/simplicity_sdk//platform/radio/rail_lib/autogen/librail_release/librail_efr32xg22_gcc_release.a(rail_tx.o) (RAILINT_421237678914d98fe71bf8164a245ed6)
C:/Users/MSI/SimplicityStudio/SDKs/simplicity_sdk//platform/radio/rail_lib/autogen/librail_release/librail_efr32xg22_gcc_release.a(rfhal_rfsense.o)
                              C:/Users/MSI/SimplicityStudio/SDKs/simplicity_sdk//platform/radio/rail_lib/autogen/librail_release/librail_efr32xg22_gcc_release.a(rail_singleprotocol.o) (RAILINT_c361ed6efdb59c1cac7ee91fd4469b62)
C:/Users/MSI/SimplicityStudio/SDKs/simplicity_sdk//platform/radio/rail_lib/autogen/librail_release/librail_efr32xg22_gcc_release.a(rfhal_rand.o)
                              C:/Users/MSI/SimplicityStudio/SDKs/simplicity_sdk//platform/radio/rail_lib/autogen/librail_release/librail_efr32xg22_gcc_release.a(rail_rx.o) (RAILINT_4fb94f84f56ae1f829cdf7ca955a91b9)
C:/Users/MSI/SimplicityStudio/SDKs/simplicity_sdk//platform/radio/rail_lib/autogen/librail_release/librail_efr32xg22_gcc_release.a(rfhal_rtccsync.o)
                              C:/Users/MSI/SimplicityStudio/SDKs/simplicity_sdk//platform/radio/rail_lib/autogen/librail_release/librail_efr32xg22_gcc_release.a(rail_rf_hal.o) (RAILINT_b0d09aa0d08a9ecba14eb758811c09b4)
C:/Users/MSI/SimplicityStudio/SDKs/simplicity_sdk//platform/radio/rail_lib/autogen/librail_release/librail_efr32xg22_gcc_release.a(rfhal_rtccsync_shared.o)
                              C:/Users/MSI/SimplicityStudio/SDKs/simplicity_sdk//platform/radio/rail_lib/autogen/librail_release/librail_efr32xg22_gcc_release.a(rfhal_rtccsync.o) (RAILINT_f029c03b7b4a8bbcfc4d00ff67b4518d)
C:/Users/MSI/SimplicityStudio/SDKs/simplicity_sdk//platform/radio/rail_lib/autogen/librail_release/librail_efr32xg22_gcc_release.a(rfhal_trustzone.o)
                              C:/Users/MSI/SimplicityStudio/SDKs/simplicity_sdk//platform/radio/rail_lib/autogen/librail_release/librail_efr32xg22_gcc_release.a(rail_rf_hal.o) (RAILINT_8da2fc6c825d0a92dbca3ee2719c92a0)
C:/Users/MSI/SimplicityStudio/SDKs/simplicity_sdk//platform/radio/rail_lib/autogen/librail_release/librail_efr32xg22_gcc_release.a(rfhal_standard_phys.o)
                              C:/Users/MSI/SimplicityStudio/SDKs/simplicity_sdk//platform/radio/rail_lib/autogen/librail_release/librail_efr32xg22_gcc_release.a(rfhal_rfsense.o) (RAIL_RFSENSE_OOK_Phy1kbps)
C:/Users/MSI/SimplicityStudio/SDKs/simplicity_sdk//platform/radio/rail_lib/autogen/librail_release/librail_efr32xg22_gcc_release.a(rfhal_synth.o)
                              C:/Users/MSI/SimplicityStudio/SDKs/simplicity_sdk//platform/radio/rail_lib/autogen/librail_release/librail_efr32xg22_gcc_release.a(rfhal_ircal.o) (RAILINT_9e306f55d2f3c85a26d2a5212585345f)
C:/Users/MSI/SimplicityStudio/SDKs/simplicity_sdk//platform/radio/rail_lib/autogen/librail_release/librail_efr32xg22_gcc_release.a(rfhal_mailbox.o)
                              C:/Users/MSI/SimplicityStudio/SDKs/simplicity_sdk//platform/radio/rail_lib/autogen/librail_release/librail_efr32xg22_gcc_release.a(rail_rf_hal.o) (RAILINT_4a27aae8960ef3f8af43abe4a029c0cd)
C:/Users/MSI/SimplicityStudio/SDKs/simplicity_sdk//platform/radio/rail_lib/autogen/librail_release/librail_efr32xg22_gcc_release.a(rfhal_tempcal.o)
                              C:/Users/MSI/SimplicityStudio/SDKs/simplicity_sdk//platform/radio/rail_lib/autogen/librail_release/librail_efr32xg22_gcc_release.a(rail_calibration.o) (RAILINT_d9d959c13a2c6623dc2f091e6ed94b0d)
C:/Users/MSI/SimplicityStudio/SDKs/simplicity_sdk//platform/radio/rail_lib/autogen/librail_release/librail_efr32xg22_gcc_release.a(rfhal_timings.o)
                              C:/Users/MSI/SimplicityStudio/SDKs/simplicity_sdk//platform/radio/rail_lib/autogen/librail_release/librail_efr32xg22_gcc_release.a(rail_rf_hal.o) (RAILINT_06b1ea13261364007801a74aa7e1e357)
C:/Users/MSI/SimplicityStudio/SDKs/simplicity_sdk//platform/radio/rail_lib/autogen/librail_release/librail_efr32xg22_gcc_release.a(seq_globals.o)
                              C:/Users/MSI/SimplicityStudio/SDKs/simplicity_sdk//platform/radio/rail_lib/autogen/librail_release/librail_efr32xg22_gcc_release.a(rfhal_radio.o) (RAILINT_9743c96ef075be688881e5d1e5667476)
C:/Users/MSI/SimplicityStudio/SDKs/simplicity_sdk//platform/radio/rail_lib/autogen/librail_release/librail_efr32xg22_gcc_release.a(generic_phy.o)
                              C:/Users/MSI/SimplicityStudio/SDKs/simplicity_sdk//platform/radio/rail_lib/autogen/librail_release/librail_efr32xg22_gcc_release.a(rfhal_rfsense.o) (RAILINT_978af8e4393fb6ecb4e92f5256373899)
C:/Users/MSI/SimplicityStudio/SDKs/simplicity_sdk//platform/radio/rail_lib/autogen/librail_release/librail_efr32xg22_gcc_release.a(cortex_utils.o)
                              C:/Users/MSI/SimplicityStudio/SDKs/simplicity_sdk//platform/radio/rail_lib/autogen/librail_release/librail_efr32xg22_gcc_release.a(rail_rf_hal.o) (RAILINT_b04ac2e87c7e86c14dc53c58ce128069)
C:/Users/MSI/SimplicityStudio/SDKs/simplicity_sdk//platform/radio/rail_lib/autogen/librail_release/librail_efr32xg22_gcc_release.a(generic_efr32xg22_release_seq.o)
                              C:/Users/MSI/SimplicityStudio/SDKs/simplicity_sdk//platform/radio/rail_lib/autogen/librail_release/librail_efr32xg22_gcc_release.a(rfhal_radio.o) (RAILINT_92778c07306e92722c65f3193fdf1096)
C:/Users/MSI/SimplicityStudio/SDKs/simplicity_sdk//platform/radio/rail_lib/autogen/librail_release/librail_efr32xg22_gcc_release.a(ble_efr32xg22_configurator_out.o)
                              C:/Users/MSI/SimplicityStudio/SDKs/simplicity_sdk//platform/radio/rail_lib/autogen/librail_release/librail_efr32xg22_gcc_release.a(rfhal_standard_phys.o) (RAILINT_80c6a4a6224bfa403213cf3951264a59)
C:/Users/MSI/SimplicityStudio/SDKs/simplicity_sdk//platform/radio/rail_lib/autogen/librail_release/librail_efr32xg22_gcc_release.a(ieee802154_efr32xg22_configurator_out.o)
                              C:/Users/MSI/SimplicityStudio/SDKs/simplicity_sdk//platform/radio/rail_lib/autogen/librail_release/librail_efr32xg22_gcc_release.a(rfhal_standard_phys.o) (RAILINT_85fc3dfd37d182d84c7a027087c71e73)
C:/Users/MSI/SimplicityStudio/SDKs/simplicity_sdk//platform/radio/rail_lib/autogen/librail_release/librail_efr32xg22_gcc_release.a(rfsense_ook_efr32xg22_configurator_out.o)
                              C:/Users/MSI/SimplicityStudio/SDKs/simplicity_sdk//platform/radio/rail_lib/autogen/librail_release/librail_efr32xg22_gcc_release.a(rfhal_standard_phys.o) (RAILINT_87b2c6dcf4d7944d944ae15def9e5386)
C:/Users/MSI/SimplicityStudio/SDKs/simplicity_sdk//platform/radio/rail_lib/autogen/librail_release/librail_efr32xg22_gcc_release.a(rail_mfm_rf_hal.o)
                              C:/Users/MSI/SimplicityStudio/SDKs/simplicity_sdk//platform/radio/rail_lib/autogen/librail_release/librail_efr32xg22_gcc_release.a(generic_phy.o) (RAILINT_2d5876683a764801ac6ee9a13c687c8d)
c:/siliconlabs/simplicitystudio/v5/developer/toolchains/gnu_arm/12.2.rel1_2023.7/bin/../lib/gcc/arm-none-eabi/12.2.1/thumb/v8-m.main+fp/hard\libgcc.a(_aeabi_ldivmod.o)
                              C:/Users/MSI/SimplicityStudio/SDKs/simplicity_sdk//platform/radio/rail_lib/autogen/librail_release/librail_efr32xg22_gcc_release.a(rfhal_protimer.o) (__aeabi_ldivmod)
c:/siliconlabs/simplicitystudio/v5/developer/toolchains/gnu_arm/12.2.rel1_2023.7/bin/../lib/gcc/arm-none-eabi/12.2.1/thumb/v8-m.main+fp/hard\libgcc.a(_aeabi_uldivmod.o)
                              ./simplicity_sdk_2024.12.0/app/common/util/app_timer/bm/app_timer.o (__aeabi_uldivmod)
c:/siliconlabs/simplicitystudio/v5/developer/toolchains/gnu_arm/12.2.rel1_2023.7/bin/../lib/gcc/arm-none-eabi/12.2.1/thumb/v8-m.main+fp/hard\libgcc.a(_udivmoddi4.o)
                              c:/siliconlabs/simplicitystudio/v5/developer/toolchains/gnu_arm/12.2.rel1_2023.7/bin/../lib/gcc/arm-none-eabi/12.2.1/thumb/v8-m.main+fp/hard\libgcc.a(_aeabi_ldivmod.o) (__udivmoddi4)
c:/siliconlabs/simplicitystudio/v5/developer/toolchains/gnu_arm/12.2.rel1_2023.7/bin/../lib/gcc/arm-none-eabi/12.2.1/thumb/v8-m.main+fp/hard\libgcc.a(_dvmd_tls.o)
                              c:/siliconlabs/simplicitystudio/v5/developer/toolchains/gnu_arm/12.2.rel1_2023.7/bin/../lib/gcc/arm-none-eabi/12.2.1/thumb/v8-m.main+fp/hard\libgcc.a(_aeabi_ldivmod.o) (__aeabi_ldiv0)
c:/siliconlabs/simplicitystudio/v5/developer/toolchains/gnu_arm/12.2.rel1_2023.7/bin/../lib/gcc/arm-none-eabi/12.2.1/thumb/v8-m.main+fp/hard\libc_nano.a(libc_a-exit.o)
                              c:/siliconlabs/simplicitystudio/v5/developer/toolchains/gnu_arm/12.2.rel1_2023.7/bin/../lib/gcc/arm-none-eabi/12.2.1/thumb/v8-m.main+fp/hard/crt0.o (exit)
c:/siliconlabs/simplicitystudio/v5/developer/toolchains/gnu_arm/12.2.rel1_2023.7/bin/../lib/gcc/arm-none-eabi/12.2.1/thumb/v8-m.main+fp/hard\libc_nano.a(libc_a-ctype_.o)
                              ./simplicity_sdk_2024.12.0/platform/common/src/sl_string.o (_ctype_)
c:/siliconlabs/simplicitystudio/v5/developer/toolchains/gnu_arm/12.2.rel1_2023.7/bin/../lib/gcc/arm-none-eabi/12.2.1/thumb/v8-m.main+fp/hard\libc_nano.a(libc_a-findfp.o)
                              c:/siliconlabs/simplicitystudio/v5/developer/toolchains/gnu_arm/12.2.rel1_2023.7/bin/../lib/gcc/arm-none-eabi/12.2.1/thumb/v8-m.main+fp/hard\libc_nano.a(libc_a-exit.o) (__stdio_exit_handler)
c:/siliconlabs/simplicitystudio/v5/developer/toolchains/gnu_arm/12.2.rel1_2023.7/bin/../lib/gcc/arm-none-eabi/12.2.1/thumb/v8-m.main+fp/hard\libc_nano.a(libc_a-fwalk.o)
                              c:/siliconlabs/simplicitystudio/v5/developer/toolchains/gnu_arm/12.2.rel1_2023.7/bin/../lib/gcc/arm-none-eabi/12.2.1/thumb/v8-m.main+fp/hard\libc_nano.a(libc_a-findfp.o) (_fwalk_sglue)
c:/siliconlabs/simplicitystudio/v5/developer/toolchains/gnu_arm/12.2.rel1_2023.7/bin/../lib/gcc/arm-none-eabi/12.2.1/thumb/v8-m.main+fp/hard\libc_nano.a(libc_a-printf.o)
                              ./app.o (printf)
c:/siliconlabs/simplicitystudio/v5/developer/toolchains/gnu_arm/12.2.rel1_2023.7/bin/../lib/gcc/arm-none-eabi/12.2.1/thumb/v8-m.main+fp/hard\libc_nano.a(libc_a-puts.o)
                              ./app.o (puts)
c:/siliconlabs/simplicitystudio/v5/developer/toolchains/gnu_arm/12.2.rel1_2023.7/bin/../lib/gcc/arm-none-eabi/12.2.1/thumb/v8-m.main+fp/hard\libc_nano.a(libc_a-setvbuf.o)
                              ./simplicity_sdk_2024.12.0/platform/service/iostream/src/sl_iostream_stdlib_config.o (setvbuf)
c:/siliconlabs/simplicitystudio/v5/developer/toolchains/gnu_arm/12.2.rel1_2023.7/bin/../lib/gcc/arm-none-eabi/12.2.1/thumb/v8-m.main+fp/hard\libc_nano.a(libc_a-sprintf.o)
                              ./app.o (sprintf)
c:/siliconlabs/simplicitystudio/v5/developer/toolchains/gnu_arm/12.2.rel1_2023.7/bin/../lib/gcc/arm-none-eabi/12.2.1/thumb/v8-m.main+fp/hard\libc_nano.a(libc_a-stdio.o)
                              c:/siliconlabs/simplicitystudio/v5/developer/toolchains/gnu_arm/12.2.rel1_2023.7/bin/../lib/gcc/arm-none-eabi/12.2.1/thumb/v8-m.main+fp/hard\libc_nano.a(libc_a-findfp.o) (__sread)
c:/siliconlabs/simplicitystudio/v5/developer/toolchains/gnu_arm/12.2.rel1_2023.7/bin/../lib/gcc/arm-none-eabi/12.2.1/thumb/v8-m.main+fp/hard\libc_nano.a(libc_a-vprintf.o)
                              ./simplicity_sdk_2024.12.0/platform/service/iostream/src/sl_iostream.o (vprintf)
c:/siliconlabs/simplicitystudio/v5/developer/toolchains/gnu_arm/12.2.rel1_2023.7/bin/../lib/gcc/arm-none-eabi/12.2.1/thumb/v8-m.main+fp/hard\libc_nano.a(libc_a-wbuf.o)
                              c:/siliconlabs/simplicitystudio/v5/developer/toolchains/gnu_arm/12.2.rel1_2023.7/bin/../lib/gcc/arm-none-eabi/12.2.1/thumb/v8-m.main+fp/hard\libc_nano.a(libc_a-puts.o) (__swbuf_r)
c:/siliconlabs/simplicitystudio/v5/developer/toolchains/gnu_arm/12.2.rel1_2023.7/bin/../lib/gcc/arm-none-eabi/12.2.1/thumb/v8-m.main+fp/hard\libc_nano.a(libc_a-wsetup.o)
                              c:/siliconlabs/simplicitystudio/v5/developer/toolchains/gnu_arm/12.2.rel1_2023.7/bin/../lib/gcc/arm-none-eabi/12.2.1/thumb/v8-m.main+fp/hard\libc_nano.a(libc_a-puts.o) (__swsetup_r)
c:/siliconlabs/simplicitystudio/v5/developer/toolchains/gnu_arm/12.2.rel1_2023.7/bin/../lib/gcc/arm-none-eabi/12.2.1/thumb/v8-m.main+fp/hard\libc_nano.a(libc_a-memcmp.o)
                              ./app.o (memcmp)
c:/siliconlabs/simplicitystudio/v5/developer/toolchains/gnu_arm/12.2.rel1_2023.7/bin/../lib/gcc/arm-none-eabi/12.2.1/thumb/v8-m.main+fp/hard\libc_nano.a(libc_a-memmove.o)
                              ./simplicity_sdk_2024.12.0/platform/security/sl_component/sl_psa_driver/src/sli_cryptoacc_transparent_driver_cipher.o (memmove)
c:/siliconlabs/simplicitystudio/v5/developer/toolchains/gnu_arm/12.2.rel1_2023.7/bin/../lib/gcc/arm-none-eabi/12.2.1/thumb/v8-m.main+fp/hard\libc_nano.a(libc_a-memset.o)
                              c:/siliconlabs/simplicitystudio/v5/developer/toolchains/gnu_arm/12.2.rel1_2023.7/bin/../lib/gcc/arm-none-eabi/12.2.1/thumb/v8-m.main+fp/hard/crt0.o (memset)
c:/siliconlabs/simplicitystudio/v5/developer/toolchains/gnu_arm/12.2.rel1_2023.7/bin/../lib/gcc/arm-none-eabi/12.2.1/thumb/v8-m.main+fp/hard\libc_nano.a(libc_a-closer.o)
                              c:/siliconlabs/simplicitystudio/v5/developer/toolchains/gnu_arm/12.2.rel1_2023.7/bin/../lib/gcc/arm-none-eabi/12.2.1/thumb/v8-m.main+fp/hard\libc_nano.a(libc_a-stdio.o) (_close_r)
c:/siliconlabs/simplicitystudio/v5/developer/toolchains/gnu_arm/12.2.rel1_2023.7/bin/../lib/gcc/arm-none-eabi/12.2.1/thumb/v8-m.main+fp/hard\libc_nano.a(libc_a-reent.o)
                              c:/siliconlabs/simplicitystudio/v5/developer/toolchains/gnu_arm/12.2.rel1_2023.7/bin/../lib/gcc/arm-none-eabi/12.2.1/thumb/v8-m.main+fp/hard\libc_nano.a(libc_a-closer.o) (errno)
c:/siliconlabs/simplicitystudio/v5/developer/toolchains/gnu_arm/12.2.rel1_2023.7/bin/../lib/gcc/arm-none-eabi/12.2.1/thumb/v8-m.main+fp/hard\libc_nano.a(libc_a-impure.o)
                              ./simplicity_sdk_2024.12.0/platform/service/iostream/src/sl_iostream_stdlib_config.o (_impure_ptr)
c:/siliconlabs/simplicitystudio/v5/developer/toolchains/gnu_arm/12.2.rel1_2023.7/bin/../lib/gcc/arm-none-eabi/12.2.1/thumb/v8-m.main+fp/hard\libc_nano.a(libc_a-lseekr.o)
                              c:/siliconlabs/simplicitystudio/v5/developer/toolchains/gnu_arm/12.2.rel1_2023.7/bin/../lib/gcc/arm-none-eabi/12.2.1/thumb/v8-m.main+fp/hard\libc_nano.a(libc_a-stdio.o) (_lseek_r)
c:/siliconlabs/simplicitystudio/v5/developer/toolchains/gnu_arm/12.2.rel1_2023.7/bin/../lib/gcc/arm-none-eabi/12.2.1/thumb/v8-m.main+fp/hard\libc_nano.a(libc_a-readr.o)
                              c:/siliconlabs/simplicitystudio/v5/developer/toolchains/gnu_arm/12.2.rel1_2023.7/bin/../lib/gcc/arm-none-eabi/12.2.1/thumb/v8-m.main+fp/hard\libc_nano.a(libc_a-stdio.o) (_read_r)
c:/siliconlabs/simplicitystudio/v5/developer/toolchains/gnu_arm/12.2.rel1_2023.7/bin/../lib/gcc/arm-none-eabi/12.2.1/thumb/v8-m.main+fp/hard\libc_nano.a(libc_a-writer.o)
                              c:/siliconlabs/simplicitystudio/v5/developer/toolchains/gnu_arm/12.2.rel1_2023.7/bin/../lib/gcc/arm-none-eabi/12.2.1/thumb/v8-m.main+fp/hard\libc_nano.a(libc_a-stdio.o) (_write_r)
c:/siliconlabs/simplicitystudio/v5/developer/toolchains/gnu_arm/12.2.rel1_2023.7/bin/../lib/gcc/arm-none-eabi/12.2.1/thumb/v8-m.main+fp/hard\libc_nano.a(libc_a-init.o)
                              c:/siliconlabs/simplicitystudio/v5/developer/toolchains/gnu_arm/12.2.rel1_2023.7/bin/../lib/gcc/arm-none-eabi/12.2.1/thumb/v8-m.main+fp/hard/crt0.o (__libc_init_array)
c:/siliconlabs/simplicitystudio/v5/developer/toolchains/gnu_arm/12.2.rel1_2023.7/bin/../lib/gcc/arm-none-eabi/12.2.1/thumb/v8-m.main+fp/hard\libc_nano.a(libc_a-lock.o)
                              c:/siliconlabs/simplicitystudio/v5/developer/toolchains/gnu_arm/12.2.rel1_2023.7/bin/../lib/gcc/arm-none-eabi/12.2.1/thumb/v8-m.main+fp/hard\libc_nano.a(libc_a-findfp.o) (__retarget_lock_init_recursive)
c:/siliconlabs/simplicitystudio/v5/developer/toolchains/gnu_arm/12.2.rel1_2023.7/bin/../lib/gcc/arm-none-eabi/12.2.1/thumb/v8-m.main+fp/hard\libc_nano.a(libc_a-strcmp.o)
                              ./autogen/sl_iostream_handles.o (strcmp)
c:/siliconlabs/simplicitystudio/v5/developer/toolchains/gnu_arm/12.2.rel1_2023.7/bin/../lib/gcc/arm-none-eabi/12.2.1/thumb/v8-m.main+fp/hard\libc_nano.a(libc_a-memcpy-stub.o)
                              ./app.o (memcpy)
c:/siliconlabs/simplicitystudio/v5/developer/toolchains/gnu_arm/12.2.rel1_2023.7/bin/../lib/gcc/arm-none-eabi/12.2.1/thumb/v8-m.main+fp/hard\libc_nano.a(libc_a-malloc.o)
                              c:/siliconlabs/simplicitystudio/v5/developer/toolchains/gnu_arm/12.2.rel1_2023.7/bin/../lib/gcc/arm-none-eabi/12.2.1/thumb/v8-m.main+fp/hard\libc_nano.a(libc_a-setvbuf.o) (malloc)
c:/siliconlabs/simplicitystudio/v5/developer/toolchains/gnu_arm/12.2.rel1_2023.7/bin/../lib/gcc/arm-none-eabi/12.2.1/thumb/v8-m.main+fp/hard\libc_nano.a(libc_a-nano-svfprintf.o)
                              c:/siliconlabs/simplicitystudio/v5/developer/toolchains/gnu_arm/12.2.rel1_2023.7/bin/../lib/gcc/arm-none-eabi/12.2.1/thumb/v8-m.main+fp/hard\libc_nano.a(libc_a-sprintf.o) (_svfprintf_r)
c:/siliconlabs/simplicitystudio/v5/developer/toolchains/gnu_arm/12.2.rel1_2023.7/bin/../lib/gcc/arm-none-eabi/12.2.1/thumb/v8-m.main+fp/hard\libc_nano.a(libc_a-nano-vfprintf.o)
                              c:/siliconlabs/simplicitystudio/v5/developer/toolchains/gnu_arm/12.2.rel1_2023.7/bin/../lib/gcc/arm-none-eabi/12.2.1/thumb/v8-m.main+fp/hard\libc_nano.a(libc_a-printf.o) (_vfprintf_r)
c:/siliconlabs/simplicitystudio/v5/developer/toolchains/gnu_arm/12.2.rel1_2023.7/bin/../lib/gcc/arm-none-eabi/12.2.1/thumb/v8-m.main+fp/hard\libc_nano.a(libc_a-nano-vfprintf_i.o)
                              c:/siliconlabs/simplicitystudio/v5/developer/toolchains/gnu_arm/12.2.rel1_2023.7/bin/../lib/gcc/arm-none-eabi/12.2.1/thumb/v8-m.main+fp/hard\libc_nano.a(libc_a-nano-svfprintf.o) (_printf_i)
c:/siliconlabs/simplicitystudio/v5/developer/toolchains/gnu_arm/12.2.rel1_2023.7/bin/../lib/gcc/arm-none-eabi/12.2.1/thumb/v8-m.main+fp/hard\libc_nano.a(libc_a-fflush.o)
                              c:/siliconlabs/simplicitystudio/v5/developer/toolchains/gnu_arm/12.2.rel1_2023.7/bin/../lib/gcc/arm-none-eabi/12.2.1/thumb/v8-m.main+fp/hard\libc_nano.a(libc_a-findfp.o) (_fflush_r)
c:/siliconlabs/simplicitystudio/v5/developer/toolchains/gnu_arm/12.2.rel1_2023.7/bin/../lib/gcc/arm-none-eabi/12.2.1/thumb/v8-m.main+fp/hard\libc_nano.a(libc_a-fvwrite.o)
                              c:/siliconlabs/simplicitystudio/v5/developer/toolchains/gnu_arm/12.2.rel1_2023.7/bin/../lib/gcc/arm-none-eabi/12.2.1/thumb/v8-m.main+fp/hard\libc_nano.a(libc_a-nano-vfprintf.o) (__sfvwrite_r)
c:/siliconlabs/simplicitystudio/v5/developer/toolchains/gnu_arm/12.2.rel1_2023.7/bin/../lib/gcc/arm-none-eabi/12.2.1/thumb/v8-m.main+fp/hard\libc_nano.a(libc_a-makebuf.o)
                              c:/siliconlabs/simplicitystudio/v5/developer/toolchains/gnu_arm/12.2.rel1_2023.7/bin/../lib/gcc/arm-none-eabi/12.2.1/thumb/v8-m.main+fp/hard\libc_nano.a(libc_a-setvbuf.o) (__swhatbuf_r)
c:/siliconlabs/simplicitystudio/v5/developer/toolchains/gnu_arm/12.2.rel1_2023.7/bin/../lib/gcc/arm-none-eabi/12.2.1/thumb/v8-m.main+fp/hard\libc_nano.a(libc_a-fstatr.o)
                              c:/siliconlabs/simplicitystudio/v5/developer/toolchains/gnu_arm/12.2.rel1_2023.7/bin/../lib/gcc/arm-none-eabi/12.2.1/thumb/v8-m.main+fp/hard\libc_nano.a(libc_a-makebuf.o) (_fstat_r)
c:/siliconlabs/simplicitystudio/v5/developer/toolchains/gnu_arm/12.2.rel1_2023.7/bin/../lib/gcc/arm-none-eabi/12.2.1/thumb/v8-m.main+fp/hard\libc_nano.a(libc_a-isattyr.o)
                              c:/siliconlabs/simplicitystudio/v5/developer/toolchains/gnu_arm/12.2.rel1_2023.7/bin/../lib/gcc/arm-none-eabi/12.2.1/thumb/v8-m.main+fp/hard\libc_nano.a(libc_a-makebuf.o) (_isatty_r)
c:/siliconlabs/simplicitystudio/v5/developer/toolchains/gnu_arm/12.2.rel1_2023.7/bin/../lib/gcc/arm-none-eabi/12.2.1/thumb/v8-m.main+fp/hard\libc_nano.a(libc_a-memchr-stub.o)
                              c:/siliconlabs/simplicitystudio/v5/developer/toolchains/gnu_arm/12.2.rel1_2023.7/bin/../lib/gcc/arm-none-eabi/12.2.1/thumb/v8-m.main+fp/hard\libc_nano.a(libc_a-nano-svfprintf.o) (memchr)
c:/siliconlabs/simplicitystudio/v5/developer/toolchains/gnu_arm/12.2.rel1_2023.7/bin/../lib/gcc/arm-none-eabi/12.2.1/thumb/v8-m.main+fp/hard\libm.a(libm_a-sf_ceil.o)
                              ./simplicity_sdk_2024.12.0/app/bluetooth/common/in_place_ota_dfu/sl_bt_in_place_ota_dfu.o (ceilf)
C:/Users/MSI/SimplicityStudio/SDKs/simplicity_sdk//protocol/bluetooth/bgcommon/lib/build/gcc/cortex-m33/bgcommon/release/libbgcommon.a(bg_bit.c.obj)
                              C:/Users/MSI/SimplicityStudio/SDKs/simplicity_sdk//protocol/bluetooth/bgstack/ll/build/gcc/xg22/release/liblinklayer.a(ll_scan.c.obj) (bg_bit_popcount)
C:/Users/MSI/SimplicityStudio/SDKs/simplicity_sdk//protocol/bluetooth/bgcommon/lib/build/gcc/cortex-m33/bgcommon/release/libbgcommon.a(bg_event.c.obj)
                              C:/Users/MSI/SimplicityStudio/SDKs/simplicity_sdk//protocol/bluetooth/build/gcc/cortex-m33/ble_host/system/release/libble_system.a(bglib.c.obj) (bg_event_init)
C:/Users/MSI/SimplicityStudio/SDKs/simplicity_sdk//protocol/bluetooth/bgcommon/lib/build/gcc/cortex-m33/bgcommon/release/libbgcommon.a(bg_message.c.obj)
                              C:/Users/MSI/SimplicityStudio/SDKs/simplicity_sdk//protocol/bluetooth/build/gcc/cortex-m33/ble_host/system/release/libble_system.a(bglib.c.obj) (bg_message_queue_waiting)
C:/Users/MSI/SimplicityStudio/SDKs/simplicity_sdk//protocol/bluetooth/bgcommon/lib/build/gcc/cortex-m33/bgcommon/release/libbgcommon.a(bg_pool.c.obj)
                              C:/Users/MSI/SimplicityStudio/SDKs/simplicity_sdk//protocol/bluetooth/bgstack/ll/build/gcc/xg22/release/liblinklayer.a(ll_adv.c.obj) (bg_pool_init_pool)
C:/Users/MSI/SimplicityStudio/SDKs/simplicity_sdk//protocol/bluetooth/bgcommon/lib/build/gcc/cortex-m33/bgcommon/release/libbgcommon.a(bgbuf.c.obj)
                              C:/Users/MSI/SimplicityStudio/SDKs/simplicity_sdk//protocol/bluetooth/build/gcc/cortex-m33/ble_host/system/release/libble_system.a(bglib.c.obj) (bgbuf_init)
C:/Users/MSI/SimplicityStudio/SDKs/simplicity_sdk//protocol/bluetooth/bgcommon/lib/build/gcc/cortex-m33/bgcommon/release/libbgcommon.a(bg_util.c.obj)
                              C:/Users/MSI/SimplicityStudio/SDKs/simplicity_sdk//protocol/bluetooth/build/gcc/cortex-m33/ble_host/bgstack/release/libbondingdb.a(bondingdb.c.obj) (bg_swap_endianess)
C:/Users/MSI/SimplicityStudio/SDKs/simplicity_sdk//protocol/bluetooth/bgcommon/lib/build/gcc/cortex-m33/bgcommon/release/libbgcommon.a(bg_feature.c.obj)
                              C:/Users/MSI/SimplicityStudio/SDKs/simplicity_sdk//protocol/bluetooth/build/gcc/cortex-m33/ble_host/system/release/libble_system.a(bglib.c.obj) (bg_feature_init_used_features)
C:/Users/MSI/SimplicityStudio/SDKs/simplicity_sdk//protocol/bluetooth/bgcommon/lib/build/gcc/cortex-m33/bgcommon/release/libbgcommon.a(bg_oom_observer.c.obj)
                              C:/Users/MSI/SimplicityStudio/SDKs/simplicity_sdk//protocol/bluetooth/build/gcc/cortex-m33/ble_host/system/release/libble_system.a(bglib.c.obj) (bg_clear_oom_observers)
C:/Users/MSI/SimplicityStudio/SDKs/simplicity_sdk//protocol/bluetooth/bgcommon/lib/build/gcc/cortex-m33/bgcommon/release/libbgcommon.a(bg_malloc_sl.c.obj)
                              C:/Users/MSI/SimplicityStudio/SDKs/simplicity_sdk//protocol/bluetooth/build/gcc/cortex-m33/ble_host/system/release/libble_system.a(bglib.c.obj) (bg_malloc_init)
C:/Users/MSI/SimplicityStudio/SDKs/simplicity_sdk//protocol/bluetooth/bgcommon/lib/build/gcc/cortex-m33/bgcommon/release/libbgcommon.a(bg_random_aes.c.obj)
                              C:/Users/MSI/SimplicityStudio/SDKs/simplicity_sdk//protocol/bluetooth/bgstack/ll/build/gcc/xg22/release/liblinklayer.a(ll_random.c.obj) (bg_random_get_data)
C:/Users/MSI/SimplicityStudio/SDKs/simplicity_sdk//protocol/bluetooth/bgstack/ll/build/gcc/xg22/release/liblinklayer.a(ll_hci_addr.c.obj)
                              C:/Users/MSI/SimplicityStudio/SDKs/simplicity_sdk//protocol/bluetooth/build/gcc/cortex-m33/ble_host/bgstack/release/libble_host.a(hci.c.obj) (ll_hciCmdLeReadWhiteListSize)
C:/Users/MSI/SimplicityStudio/SDKs/simplicity_sdk//protocol/bluetooth/bgstack/ll/build/gcc/xg22/release/liblinklayer.a(ll_hci_dtm.c.obj)
                              C:/Users/MSI/SimplicityStudio/SDKs/simplicity_sdk//protocol/bluetooth/build/gcc/cortex-m33/ble_host/bgstack/release/libble_host.a(hci.c.obj) (ll_hciCmdLeReceiverTest_v3)
C:/Users/MSI/SimplicityStudio/SDKs/simplicity_sdk//protocol/bluetooth/build/gcc/cortex-m33/ble_host/accept_list/release/libble_host_accept_list_stub.a(sli_bt_accept_list_stub.c.obj)
                              C:/Users/MSI/SimplicityStudio/SDKs/simplicity_sdk//protocol/bluetooth/build/gcc/cortex-m33/ble_host/system/release/libble_system.a(bglib.c.obj) (sli_bt_accept_list_get_list_size)
C:/Users/MSI/SimplicityStudio/SDKs/simplicity_sdk//protocol/bluetooth/build/gcc/cortex-m33/ble_host/bgstack/release/libble_host.a(gap_adv.c.obj)
                              C:/Users/MSI/SimplicityStudio/SDKs/simplicity_sdk//protocol/bluetooth/build/gcc/cortex-m33/ble_host/ble_bgapi/release/libble_bgapi.a(bgapi_advertiser.c.obj) (gap_adv_init)
C:/Users/MSI/SimplicityStudio/SDKs/simplicity_sdk//protocol/bluetooth/build/gcc/cortex-m33/ble_host/bgstack/release/libble_host.a(gap_scan.c.obj)
                              C:/Users/MSI/SimplicityStudio/SDKs/simplicity_sdk//protocol/bluetooth/build/gcc/cortex-m33/ble_host/ble_bgapi/release/libble_bgapi.a(bgapi_scanner_base.c.obj) (gap_scan_init)
C:/Users/MSI/SimplicityStudio/SDKs/simplicity_sdk//protocol/bluetooth/build/gcc/cortex-m33/ble_host/bgstack/release/libble_host.a(gap_conn.c.obj)
                              C:/Users/MSI/SimplicityStudio/SDKs/simplicity_sdk//protocol/bluetooth/build/gcc/cortex-m33/ble_host/ble_bgapi/release/libble_bgapi.a(bgapi_connection.c.obj) (gap_conn_init)
C:/Users/MSI/SimplicityStudio/SDKs/simplicity_sdk//protocol/bluetooth/build/gcc/cortex-m33/ble_host/bgstack/release/libble_host.a(sli_bt_gap_addr_bgapi_types-stubs.c.obj)
                              C:/Users/MSI/SimplicityStudio/SDKs/simplicity_sdk//protocol/bluetooth/build/gcc/cortex-m33/ble_host/ble_bgapi/release/libble_bgapi.a(bgapi_legacy_advertiser.c.obj) (sli_bt_gap_address_from_user_selectable_bgapi_type)
C:/Users/MSI/SimplicityStudio/SDKs/simplicity_sdk//protocol/bluetooth/build/gcc/cortex-m33/ble_host/bgstack/release/libble_host.a(gap_periodic_adv-stubs.c.obj)
                              C:/Users/MSI/SimplicityStudio/SDKs/simplicity_sdk//protocol/bluetooth/build/gcc/cortex-m33/ble_host/bgstack/release/libble_host.a(gap_adv.c.obj) (gap_adv_reset_periodic_advertising)
C:/Users/MSI/SimplicityStudio/SDKs/simplicity_sdk//protocol/bluetooth/build/gcc/cortex-m33/ble_host/bgstack/release/libble_host.a(sync_list-stubs.c.obj)
                              C:/Users/MSI/SimplicityStudio/SDKs/simplicity_sdk//protocol/bluetooth/build/gcc/cortex-m33/ble_host/bgstack/release/libble_host.a(gap_conn.c.obj) (sync_get_handle)
C:/Users/MSI/SimplicityStudio/SDKs/simplicity_sdk//protocol/bluetooth/build/gcc/cortex-m33/ble_host/bgstack/release/libble_host.a(sync_list.c.obj)
                              C:/Users/MSI/SimplicityStudio/SDKs/simplicity_sdk//protocol/bluetooth/build/gcc/cortex-m33/ble_host/bgstack/release/libble_host.a(gap_conn.c.obj) (sync_find_by_hci_handle)
C:/Users/MSI/SimplicityStudio/SDKs/simplicity_sdk//protocol/bluetooth/build/gcc/cortex-m33/ble_host/bgstack/release/libble_host.a(hci_scan.c.obj)
                              C:/Users/MSI/SimplicityStudio/SDKs/simplicity_sdk//protocol/bluetooth/build/gcc/cortex-m33/ble_host/bgstack/release/libble_host.a(gap_scan.c.obj) (hci_le_set_extended_scan_parameters)
C:/Users/MSI/SimplicityStudio/SDKs/simplicity_sdk//protocol/bluetooth/build/gcc/cortex-m33/ble_host/bgstack/release/libble_host.a(hci_adv.c.obj)
                              C:/Users/MSI/SimplicityStudio/SDKs/simplicity_sdk//protocol/bluetooth/build/gcc/cortex-m33/ble_host/bgstack/release/libble_host.a(gap_adv.c.obj) (hci_le_set_extended_advertising_parameters)
C:/Users/MSI/SimplicityStudio/SDKs/simplicity_sdk//protocol/bluetooth/build/gcc/cortex-m33/ble_host/bgstack/release/libble_host.a(l2cap_coc.c.obj)
                              C:/Users/MSI/SimplicityStudio/SDKs/simplicity_sdk//protocol/bluetooth/build/gcc/cortex-m33/ble_host/ble_bgapi/release/libble_bgapi.a(bgapi_l2cap.c.obj) (l2cap_callback)
C:/Users/MSI/SimplicityStudio/SDKs/simplicity_sdk//protocol/bluetooth/build/gcc/cortex-m33/ble_host/bgstack/release/libble_host.a(sm.c.obj)
                              C:/Users/MSI/SimplicityStudio/SDKs/simplicity_sdk//protocol/bluetooth/build/gcc/cortex-m33/ble_host/ble_bgapi/release/libble_bgapi.a(bgapi_sm.c.obj) (ubt_sm_deinit)
C:/Users/MSI/SimplicityStudio/SDKs/simplicity_sdk//protocol/bluetooth/build/gcc/cortex-m33/ble_host/bgstack/release/libble_host.a(smp.c.obj)
                              C:/Users/MSI/SimplicityStudio/SDKs/simplicity_sdk//protocol/bluetooth/build/gcc/cortex-m33/ble_host/bgstack/release/libble_host.a(sm.c.obj) (smp_listener)
C:/Users/MSI/SimplicityStudio/SDKs/simplicity_sdk//protocol/bluetooth/build/gcc/cortex-m33/ble_host/bgstack/release/libble_host.a(ubt_message.c.obj)
                              C:/Users/MSI/SimplicityStudio/SDKs/simplicity_sdk//protocol/bluetooth/build/gcc/cortex-m33/ble_host/system/release/libble_system.a(init.c.obj) (ubt_message_init)
C:/Users/MSI/SimplicityStudio/SDKs/simplicity_sdk//protocol/bluetooth/build/gcc/cortex-m33/ble_host/bgstack/release/libble_host.a(power_control_stubs.c.obj)
                              C:/Users/MSI/SimplicityStudio/SDKs/simplicity_sdk//protocol/bluetooth/build/gcc/cortex-m33/ble_host/ble_bgapi/release/libble_bgapi.a(bgapi_connection.c.obj) (ubt_connection_set_remote_power_reporting)
C:/Users/MSI/SimplicityStudio/SDKs/simplicity_sdk//protocol/bluetooth/build/gcc/cortex-m33/ble_host/bgstack/release/libble_host.a(external_bondingdb-stubs.c.obj)
                              C:/Users/MSI/SimplicityStudio/SDKs/simplicity_sdk//protocol/bluetooth/build/gcc/cortex-m33/ble_host/bgstack/release/libble_host.a(sm.c.obj) (sli_bt_external_bonding_request_bonding_data)
C:/Users/MSI/SimplicityStudio/SDKs/simplicity_sdk//protocol/bluetooth/build/gcc/cortex-m33/ble_host/hal/release/libble_host_hal_series2.a(sli_bt_hal_series2.c.obj)
                              C:/Users/MSI/SimplicityStudio/SDKs/simplicity_sdk//protocol/bluetooth/build/gcc/cortex-m33/ble_host/system/release/libble_system.a(bglib.c.obj) (sli_bt_hal_init)
c:/siliconlabs/simplicitystudio/v5/developer/toolchains/gnu_arm/12.2.rel1_2023.7/bin/../lib/gcc/arm-none-eabi/12.2.1/thumb/v8-m.main+fp/hard\libc_nano.a(libc_a-strlen.o)
                              C:/Users/MSI/SimplicityStudio/SDKs/simplicity_sdk//protocol/bluetooth/bgcommon/lib/build/gcc/cortex-m33/bgcommon/release/libbgcommon.a(bg_util.c.obj) (strlen)
